33j?rnzairvQrzxDs]
QoJrTJs@MCqTHA[C_Rj;YmFmu\rp@nfw\xJVIUqeIgKbVTJr``LQLojF`Zok`zz^nTNZUb
quQAnn\cJ]QPSC>qljngocPEZoRJaJ@=\fqubKrHd;d[FUBBU`rBLrDVl`OWWG=LS]QLJ@
ekhFFEv^v[>P?BCpxbRWmKP?Ye<?vKnPtoheRMwO]pWwr_L>XfvIk^bQR;rH>pXQA?w\LE
_CoUQ]BqueFVM?JfB;;XWwDsuXn;UdthzGWGk`jU`NtMuPmPseYigzQTzC?`K\I=<y\Dgk
\SYfuJsvOp?p=;olkqLv^b=jhwuVko]bVSOtpc@tU;rdsjpfNX;V<nil>uynFuzPTjVqqL
TnsuKb@j?`zHPaO<>B]ouzcoW]yr\zNVTBIdAcq]`xuuArVTO\CSo<<=o^jyys_hOT[_vd
kSbT`isuYJ?pxtxe\hpss@f@HgVHxBEdOgDmn_rpzIXNjABI@?Yi<c]XQyg>\nSen>CNh]
kVmIQzac\=Hrr@=fBNYDb=Ysq;wDO`QgVnXTO>@vfzN\BMiJ@BIuP;Oa[bYblFNvE^vxdu
yZHRfcl<y_hH[[AUOTk=_JQvPTAooj];]ehSZBGPqr`kuJ;_IkSfgXjdTh`\?vXSOHttXg
tZg>eaJ?YjWNhpIl`?_@sQEAg]XJYmkcEis>Lg<H=MQn=nPFFAMeyxTccBiBMxxyGOM>Ow
CSRjxMhOyLnhUX\oj?ojh_GwUJ@PLQt\c>hvmBB?xF=jHDiD_>Q\tbCIPHu>_^]n=rJfYZ
j_salTyzoc`p<AqS>Dj?DwKuP@EZopFtAoCnIXTSJakPxpUdeBwram`urdvNijSsGDtctJ
xmQPmzg=CIWV>HZ\EXSXMlPwTky]sWdDARYrCw?H]ss;wPMpnQu[`Bu>YoqfKHbbUlAjao
<>YAt>CMNGaQxASC];p]L\j]FP\SYs@l?kGWHkV=EyixI^MP_TeI`nOhpnbbMlxg<SFzf]
HBJGN]tY>;AB\FowoEwBvjjxDY^;X_nq_MsEPky?abhfmD>RJ[\CJkcn>vZ_OYt_OC^LW?
>tKz_MHNL<T]FK<JpwChRpuUM=N>DrbmLX_E@]ycVi^Ty_cFkP@cFHjMGI[cotLZnZxxOv
ty>gdFMK_eTvz^aHZSJas=Al>aWtBJEXOsqxKmJMVxl@gpVaQMEvE;kkVQ[n@wM[F>co\h
NxmN\tTzLXytmivOUDbKU@f_IDv^H;V=HTS^mp_[]feVx[_Q<Fof;N=fMndl[UkT`NVyoQ
^[wjITdXLzm=OspEdtHUSRZSAzNuJeTQsC=x=cpJ=kLcw>fjkV`HWOENta_tGYBhnaEFgl
_aggRMbkVqxV]wUwdoQ\uLibiFMgxLPOz<rSIsNzrODA[EdYaU[fFsPAsgDJy^U;MBz;P>
<fk]=vr_xYGIGZ[o`is>YzJNVu?fqM[]r^WgdFpOr_kEBzPMACrZYvvD`Z<`X]qWzCm;NA
SdLDbIhjXs^kYZb>t`dPDCkbnTbmKQeJqhJBCWlTx=hrxOhC^gw`<JTvAi<eqcfHReSbsM
uDI=R\AhrpW_r;BqsxNF^jFMchsaqEM<]kyGTbLr\qumRm;jakK_amPd@YCFu>YjR<ipJp
TRUyC]wQOIbvEcdW>CxOhkPua;vVNLTfvxa>?FgzJ<RDx=ha`eWCyYYdtOEgrCU@tgVyyl
=Vy`@d>Wsxk=?pCBK[Ik=jcKYp\Zai=TnCuV;k=_etOZrUFLeKIZhS?;dIQM@O@sCjSOXh
q`JocBtxxnLCmLyCSZiAPDaNrs^D\LV]UYwrn;h_>rDvB@enLUq`me=zW\xcg?vbcrjb>c
RVwcxwCUzTrpCDYK>WcQmtb_=lpz^v;PyNS;Yytf_wTWDOJvyyBd?sGYKnDgpQrgrzvRxC
axwUEaiT]LRyqGrQAy<Z?eBPTkpSyeLqV;YMpYUjVF?kdqpT@ca?TX;`WIRsItQRgCM]SE
oWZSLrAAEVyl?OKPDdRkM;BNdJhRSm>CdYVLyNAO@cCcMb=\JqC<jP>lJOt<^DVnc_WQYF
TR]]zgxr\fATKdhwbnIKHPsOV;`OPxSc[Rmz>i`^k_]InWX?L]LDgyM_KlT@YycSNtPbUv
yI@BYCUJ^uLtaGUK[iVwy?mIXGVPFS@kmzGsriNOtoFj\]>G\fLMQLivUwQiu_RhW\@CkU
I^hERVsbO>MrVz^\RzR[SDFKxMh\^\iU[W[Q=?BEzMSPsaiWMT[qbwDogYDRhXVl=zCtHR
GiTJmCUZ^ygEN<w=b;VDDpz?`PKQhRf;eFxVOt=ElsMc^ABstoaMSrciWKhrhR@acgDc^p
HgGjRWUJetr_gHSwFpV\VHubszklYQUIC@GVNOkeu];wNOWB[Tsv@KToNpNH]ocsOGI`<Z
rd?^Ns<oiZMzk^U?>OWa=BzziFaNJH<<iuA^Pd^=Cj\gBO^A@YEsOv^E?@cKrpjzOIHfKp
cyXA[A=<]oyLq;ubzhmBSffPTCmg`elP?BKQq\GYx^HAWCN\GitQ@gRkOaX=rfscJoArZK
Lk\eM^oK\i;tETR;GqGNWb<]cwah`^dp?XEdke>ED=BHFZAKXFPAaOTqHUc@Otu\V=wzj?
j`YpyVSSZ=]BpBWIzlgaMQZxBmJn\Ey[yn?<KdyU?_rsW@GO=pVPz;]OXRZp@yUXIszRtR
zWfXwWmYWIYxd@crAESwG>TzWOPC_mFEnWXVPe^i<uAlae_mQIkNXFmqU[=Pj\Ks^uqodC
pEBr<r;yBdPMExUkDT]\o?yB`=HwdpaOMLHbDEBIbu=i]WNDufYuzSow=B@cVdTXEhCiGv
kw\;>WAVSYBPFOhISf_sLmAoSdKNyshyOYqgUVta[KPLvVsoOOHwf^p[uju?Em=DjWcfwI
Sn`kgCMyN]tD__[OgUtw^kXHQl^pz;KxCS_?uGFl\RsnMApxzRVKF?t;aQptDbPlfd;`in
MhuHcH?^ZuSzX[ORq@`QHINPsUn;YcZRdgf=@`i]ChOnfoa;ZtuhshnP[Edfgx?aauiNh[
`mXN_=]CC?OzzHb_;f`t<pf[_ENVfF^p<NAfJFTpUlBwDHfOQenNR;ut@MDQQHIj]VoghR
oBtdYsbAemQVd\KXgFe;BHnZnpeqNitaxi[JWB=kNC\vXxP\TvchdlNqm?YVLbFITlRmdJ
YzGstzSUTXmsQiAkpvhUCRKi^_Fh<leA_Dv?^Ip_TX]<_KbGh;<eebH<VNkr[<RIDQ^\ov
?eeF@M?RkNA;BbU`=[kziTc=mmDKJ?e_Rvonn@KdtLz[;HeWylrVmID=P@fBcTyi\sLbVm
@rgJsw];ZOg\rXfAOrukAGC]ayNMm@g]>_AutnSqRHqJVJHatsJUG^LPNJ\f@ruOKESsyp
d^pAkU;gKDMAMmZLzU`K[@xYGuP@CLsktmpsZm<MdpRIKewiojBvSFfBMuXLKSFezGXtLj
RQINdUisxHparQtwxchcSPw`K=HfyVjK@qHkDY^Pn_e?C=tyOFKD=SiOM]q[O@MQSGNRsm
v;_H[]F;qjE?WcgfV@NTsGpNU;\TjbSMmuFoDhUBqf\i;Xc_QYBjqdvmRy?QjdzeZERisc
Ke`K;Sf^>Y=[P>r<>eLULSSQrgQ[fMcbGS^UosRDMrEYVCanjM=aoRJwgdcot;oNoy@hLi
xSi\pTkSKo`tTPj<^j>bMik`XfioML=^u\FmXd]CHDKbr<Rt_=lJU]NoMxaZCjAtkOl@k_
[CIJX;nbQnOEJBUV^M\QHlRRlFAHS?wkJ[IizgRcehvJgyw@p_lBR?^vfX_JTDHFkyQZBc
^C];aHm=eZw=e<ALBniqV=sgQkqHu?PvBkau`pIgkEp[<bOfctEPsu;YxDcJrj?GO`ioFE
AUBoz\Jc>@ih^vQgGOnrDtjZPtEMBwkCu@aFKoKOgCeKjqGtxjwh=BscNqKKOEkRWwK[sa
BaR?BeVgSa\Bmbu^Rm<?]>COfUr?kCDmQkJbWb`cwibf>AeR>RL^o?JE`@k@wYP[CR`>yO
]ZzzaBk`y^SBonmW`C`zH@<;^XEnG[L?PCEWQZI^QQOAZltbVZsasuXIh_foxbgj\iFvNb
BaBiVehNxMrQGe]h?k\x]TmYWjjZoAZRSOTYm[wm^dMNTjW@yK\BAtg@=_`uVzyZnTC\@a
huBYU_NHXy`U@NPwj\lJtVTKUBWa@D]Kakq_k@Rm]DD[QQk\>fmTsOGbzcijoJxALImPDP
@w@>IuNpVsn=<F[xrwylrEIvh=W<mijc;<IDe;iO;bJWJP@<ZyGgOPy_gOtb\KzOMd=<Dn
iYFbg\;DJLJI=Wyia^TZYmXzeH?LFdgIH@HA\<hZsuN^x`ZUv<Rw?hs_rrdCuV_Xtbv`Ew
]lKuycyDm\\;hOeotHx[MOZotDptGTbEZzuTaudKEItfAcLhTegVTgo=ByrO^GwNSejZ_h
B]gMliLdZKcK>\SxL;xjdAuvKfrvs>RAADl[jZ[`zmbsTglbrzZmEGTRMMrvqo[;poBkEf
fkXuIyQ=AzCc>[HAcagQDUWoaEFMjzjHfWGo_?Sx;HFnPSR?o=QKLfl]L@[qyFzx=G]UiJ
LsFHeyPw>@Jrc>BAlMlCkeXTHakstmSBACQkqqQkZ=gbxET[fdQYXAFk]>XGI[fTmDpu[I
;[iRaCpg`Y>SR@fXTXuGOA_k[RX?;_zGGtajs]Nu]]J@gJ_EfkAI?uzYbohbOUJ_GgmM_o
;oQLV_s]OKWWFpZjFY=erkjVHn>kjcIHcmzsBhSThAST;uw\PXBq?IqyyUbZKh[pUwg_aO
M^][<>M]RZis;tlpLDMy^vzhPakF>xZiD?robqxBtkeNbu;KlBubY;HeHI_m[fzqs;KGuG
h^@NIHBf]nUbllNqtgexzTvoCnl[lZZodYBIfWkFfr;D`fmdVz[mDyNOeqgy]a\KeCKJ\a
RDMI=FxEgJG^gokDHZILE;yvGUQUS\nBXi]`?_WHuX]?Ss>tdaOPKqZXbsEcceBoLEk\x=
MVATPMOOOFo\g`KkuBvTurSSS[TMhJ>lYqFdejySAtLbKZ_ONGx[?wXrnIHpToO]wMwaVR
^>z@L^WrbxOW<_dBq=S?JwHHWwuCK?lcJa_SeDhvJfI[nOrduNb_E``UXq<NygHqA_jsBT
T<XiKdaQQCr]DIwUb=Baz;>SzL`_Efk@bt[JWcx>VQDIzijjJc?RfUypo<UZJbheX^CLkn
=YCEstfM\YZaB=KnvQLusAReIyNNmQkwazhWwvVgMDtFE[bu@z?gcIdxxXtCyhOI\@_svs
aHuXLznlJcyrFD_etovyrpdRGBAkm\xzkPpk[;tiyS=Q_B=nS`B>edk\Trq;llpaqzLdLh
ZeXbaUG_xPIrweo]hKe^tEOqLNAkmXEv=OCK_bAAlPt`mrOyNpYratXNMXu\@=Y^qmurbV
ADiPjA?c[PksZGgiL]eSYnCr^RyPF=QAYrMMGsZdKfnCgiRy\z]U[dglakrg_D\CMhUIaf
zaTolFTNfTP@_vjBrgqB_tpD@wDpO=Y\sGypAhzWOfy[HA[akOxYNloGYI;ZsEE]aiaNQr
avl@P\jJHAbnU@Y?>j@SOQ\I>AeUlUH=J\mRFMAN@bFUeOFz=W`vOPPTkWFmwLqDfKCIVp
uezniRhDVOVHsqeuWDuXUtr@;ACrFKX;DAoZO^X[qqytK<dmyWicRqlxHrgSch^Gg>uHq=
;dGzw[ovxDJgEHjAByBYUyIbTcgk>\bnQ`;ASBMuksFQhgsv>ER>QGnERFF@OkDC;t[gdn
f<<;WSKXJCP]iI?HeL@fLmYYk^H>P[n?Pn>cJDM>RpHQ>HkikUBHyyUzzVSB[sc_<GSxJU
T`HzX@^u]Iwuc\B[e=XejIrn;alWhLpOGGnNPYTnwB^cosHt<L?]<]_TRyis_US_thUJWx
n`]AdWlCoBi\^zZrFEmhuHhWBbbCvlMxdr\oJGKal@B>HDQNgJifKVIFA<yuDJICz;ZVCi
t]kZvUD[N<i>?EgeO@ZAcdLv;]GqYAUqlcwqIGWIuOmaNT_AvWP?aytDbPI\IRSVmtAueW
bErLcSbmTC;RVV[lTYwScrC[FeCEqgycgL<GHYvBjUfd[sb\O=IFaLDYkvsqXALR@z_OZH
S;JhqwW>Ys?cde=VyfT_e<wFuesYHDCx]SAPJ`;v=I^Rr=w\AowGpi;_lK`ml]xPZAJDzb
\IhjJPEU>XtbeZjScnY\eCPYyAF=LfBma]QPn[y]^ceoa]DZi_<=VePi;jzg``Yz;Ukj\]
OKLLVPNT<citjRNkLw?CN;HH[qH[Klq?FqIjyspioZLIoT>PHvlIkAgLTU[IlV<Rr?\Y`h
R^C>;i>u?_Qp@B<L>WaexEWbcfGNYVn;bnKfdZHWSAH=qSX_Pf=p=WsUIq;>L>UdZMBBFW
v;G;UAICMzKgVcheNbwwERIk[ws@kh<GV=SeyRcDs?cMwksxM=OMaMZwTwA]dXGDfxcQgk
lJ_[=I>>PdPWU\mJYjZpJ;TZ;tHvOW]oNdyXn`xblMj^ITIBHt>^_rMdIMCrloXvXg;Wym
Y\NeLNQrv[dXrBtnVmmOBdIsOb`VLd;w]_kkIC@ycETcDYMJ`p]W@cElFjaogDdp[SaZTr
icX^b==`y]YXGBDOlshSIuwu;@HGb>]Da;E;LLjZTbP\jl=IQ``YK]ym[E>T\]_h^xxFsG
cTUWPOoxLdU^NLnUUiDWnhiHx=anKMcsfZLbP;WbTaBpfyjKLdHIHPzwz;ovcVwTsfCkyP
okWq<yH?]fle_LltxP;hTZj@<[oeoec
