33lIDujgA?ZqrG@uI=
^WtghWK;Du]_RQxvAL?Oq[XXi<hK^SkyUAN>WTVAkEXKkAauHVKdZfltSEw]wEAhubnRUl
JZesIZ_NQ]Oulj?lzIbfOdOUBjBq>IVehf]xewR^o\PaEH@EDjPeiOcXBidPx=olzbp`Gq
Pio[KBTWInPkXjgFGOvDtL;A<;haRqPapid>puY?WP;HgML>lOQtVHDeqXcmHX[pnX]YnM
oxyueA]OZOiVOMU_XBSrW`NgTJStKW<LZ?CUDUfQi;XXaA\U^hUl_LPR=`]g?md]dI^nI^
E\dAVOgahvMMUfSFsqlkJRAOQ=OAEQWS;YKXFVpxvvnVJeAaKBI>_Jq=xRmxeh]JcXpCM;
rGxW^FKmzJdfSmdXvIDPXzk[yL?L<JUAG[H@\\pd_rfhZmevZCtAyngMzIHKiTL^juovMe
ZhKQe=CEqVNm]?Yv=vLuIGXwd=<;L@iAR]]tefJk\]cmeS;b[IFmh[[qR;CoPkHBVCl]>H
_=PbPUGKUlgSThwNzaQlhf?GzDUSv`jiTkSrqCTyQIa[WJ;EeBMAwatfBydONM@MoZ\MDT
nsNilSJPqK>?]Qad[bZZx>?UIyAvZVNSLR^wQ@MkLOrJqo;OvVnylQ[=@T@ozJPS;uHv>;
YzoOzBEp=][b_??JxTt[Daar;=Z=FBCrgjRaOTgmfJRj@`T@oo<yFnCN[z[PF`TeqXbA?=
ikUZyUZts`_X?[@RtcfJgxk<Lkyk@LocamP[BPiYEiizVS>GKim@xCKbfmAo?GvSHE_>Pj
>UZmsiQUb;dNpQ_DqbDhRShX>D]yoBbw^KdUhWryaL?Ql;]lzYKmwBxII<aBRI?P@_;[tt
o=FM`fD>L>zsCbA;_Jh_[p[ylprAyoJrrBlUOv?qVpvnYACV@nDuSDD==Vpg^U`aZMFPW^
h]ZfIf<vulukW]Yujc[HtpKdpsyEX?HnmMLGACHCT=J]qP=nNFelD;hiWovy=NwjbPt;aK
n=^d?BvyVMTdKo\PA=wmkYbe;J>vlR?knnz;i\]u>dFET@mxBZwUfzGxp;[Ze\fehtIpPT
plRyPmWSz?af_eGvc_u^xO`pSQb>?WptQGtHCBC`>gs[?ClG?bpFxEwhzAetg@ZHQyk>TD
YdczsIh_YQw`G<buTa@k\NW>SJYT@=[Tn]Ks@tODmwaQG\a;v>@hZYfHQJcNA]WClPI>^r
o@;BZO?xCdqdIOSxPLce_BaGGNPEgvrpEMJ_brDR=Rm=\E`^UYH[QZRZQRlH_THlT`t@e\
LFCCDvpX=Wy`tNOmRh=MegdVO;aLGydDUZrsfCp_L?CVQefY=WWoSXYcZBv;FBtw^THPWY
zNRG@;zjtwvCTifSVj_>`Xgy_YJGH[KQ@Dwu@^@MmGbyES]Rh^y>stU_BsBzY?UIhWHbVS
faY;K\CootoSGfD=mYO;rkF^MdMOv<YTg\Rn?AL@dc@TMll<CoJrIj^;Ig\wwdgrmZHoPu
Ax[Acfp]Ih\NNF;;SQp\<EbO_SZY>=StFpd[td^w^ksGGU@W=e?Q?wuGeUA<MZcqeqeBEm
`Nq[vOwfUjU\cxPTpG@pKI^S^SJJWHX@oJJYH?twxS=S`GMEzf=kUmsoesF?HgGt?EZE_t
gMniuJOwJ^YEk^nu]]^bN@YZ]EkoMhfnLX?regYGmT\=>P=udQt_;>?a\RsK_v;Sv\vlXX
?xOBs>ogUcdIScIjD@xqXRgFONjjDG<uTQ@RsGxWH[LinX[;E?YYCMDKJdAE\ff_@ZBvTO
;Ku;Am[;sksi[I=]WTGNi]vcJs<bJ@u^ZtnFv_t?=HTNNhvugfr>BnqkeQ[<EoUR><>bzX
VKCqBCxa@\<XpLDNe\U`=<NHZ]SUA<LRCWXRI^QfSnf>Uwu]=L^k[<;KLDHeFa?iAWo<K=
DTJZuJm>UK>cCFa;O[X`Q^REzx[hcS>?sBbd@cuFu=v>v=M;GqO_fH]?Y<>COdHgQp@baf
aYyFrl?@s@PbgAD[UHKc[PuKn?G_i@uZWc\^hRtXZtmWW]idYATXioylyPr`I>_bpujaOI
L@^JSp=\ZM=lJgbSEFsM@wOOCM<EEBc]atnmofZ;_iKpYDCaectgZbNzMd<jbGdNRSmw=O
pkd]>WA_OtJEjXTD<[jVhbKeVQclS?pEnsWYFRU^K[I<uz\pT?lhHM^z@NyClfoe\jnyIr
<eAW[CLoSKvPhk]qKkoa`TUktNL_BJ?NrG?_\PxYK`c>y>XwWRr[FCDVm_ssjWSbFEV^O^
VaoJdw\CBJ=g^@@z?p=Xj\JKfL[B^qWvWr[vb;ThN=J^JHBtbGzvNBewmlIFOl=MA=^Sm]
fQrD^QQaip\mnj_cBKQQ<VgTnKnv=>xd<=nWRpuItYpxX[BQnYl_rPid<;JSqaYkDDwUIN
ywD[vAkxBpYbqF^Pxk;qWQf[KcpjzxoXQdOcZgLOI;vqBZIHEjckjq<TnOvXsTxFbSVwyJ
VUi?=lyRis?\cWSlGhCEOrUDelerRjISWsX\j;bg<n`@gP=FQJsqzaFZfSYgNLeoBjmI=a
=zvBX`mOLOU_GSxnbEIMg`mmH[]xfOyt?MtIzMoeVtN\]=O_v[oGZU^qF;CPdJhuPGADBd
a\nqa_^XJLEUMeYN^rNVtLAiSMLs=nrJORIqgTj_uwEPmUF>AUEAmFE]MZD?[yPIEPdRux
gKEG`MlBJN^tK]FN^Tg\<?bOgC<oWEnSHaJvup<BPZYjy;hinWyLHKHWCPQ`I[d[@wdEVB
b_ItAxAuNSU>DBbYm?wyDtdlh\?gGMlD?GM^Kjl@LMAFBJ]MdCY<;Vxe`eyFHNkmh;fRKs
UE>jLR=icNK<rh>zkvRBvQ_qGKwb=<?DkxlljqOqJQJBRR;>vRG=@;`XTq<UGyrzqMW>La
sK=SdKieBOgqV[ov<jOVyg]f[;>?p_xz`mTYKeJbnDVOLo>Yd>[]SdrDnP@K][;sCMw`Cs
gAeUSkiTKFe;rQ=V]cnuBBy>D\\`zvppgDWnMKb<Xtvp]qNZb^u?m>SPjTxbT^<<xOqhju
_vNnXvkqNo]ok@TulydRyeFEe[aDBc;v<jvTJkiuqHNywM=[<>P^ABE`KXJvgwg^K;@XTe
FSvmzSMvKBkioVyNzoVb;xXKPG;b?C?_cBu>VsQCNAZgflL^?_fuNtUpcS_cipYgW`la?c
D\rZvmSek[f>mInlb_fUIfZMtIlnXO]sSKwlRc@ZIKt>tcFdw[wqgka_ewbPKk[YCWI][s
by_H`vUYAufwxF@bM]GAiOidirmkHhpw>]bXWbAOQhzooAl]zRx?jYmE<aGAFHq?ZmBay`
zNn=@hVaJ<`]Y<=>c@K@foU\wWBATd[sX]PdaERwlBOUpxQsm`R[EMf[`NU[EADBFHvEhI
\WV=zYGyIQ@XQsCh^;KWwObnSxCEazHdBW@jwmlR<TgMK;cOtuJMp@v_VccNWQUxdUxDb<
QlP>]VJ\MxrHcRniZuRwNTbMGkyo<CxKlyltuDWrJczuRT`vDP_m^bqd=fJJB<^qw@[>SM
ENJ;=BDW]ip>KYDct@vytNsLZyNmEiPNEU_`Dz[L\W^HU@BhbAWLhgiGVBVhEg_YQ^AOii
oA<jrnQcOtVWJglDwvb@rDjK;RcuJx]bIJ<`S^Hix^ij[QZY_[q;M>UpZb]>YTA;hcAHni
w][dBT<j^^[vYMVn^QHVbGrNON?DUJsvNMMVfDbmZoWMVg=nNOaWY^zMQxrcd^TFqms[][
aLClsWEJywcqvpN]]WD;>;?RKgxTKiwp<ycyDmkPDoQ]m;RUjEB^PS[FSNp<budmrdw\rv
Nc[S>b@RxJTqmjKRQqlvZD]f\rg[QfYMXBAKCp;AYTQlaLcV>;Z_ior>VOdtVbJWZAzTp\
@@O@<ZNxHWbcdwFdnLSMwd_EjTfhrqG_DO<OTBxbSHcyWwMnojRdPDYGOSpQVj=UQWBt=B
VeyQiEbWp;i`[CC@FdHWVlWm>AD>JY<sr^_zB[yjQ_d@wNKS<<t`w]KeHeOl?X=vnp``]m
UDJQzXtYDSdsgDUZPFMmvqRDOH;@jUq[Q=IK;gcpn@zpk;Wp>qtcT[v`eJax`TVZLVhlKS
\PnsR`;_g]ZCwWutCdUT<FXRHtlYBw`PwmN`OsHBUuiDDE<_V=Zf<[\JifwP<si@rLzGk[
uiT`uE=>]UMKSMbolD=AyrtK^OPiDStR]EzXlQZbATkCdfHzxhnlCbzNYxVp_OJSJeCm@i
DrgI=MRoW;hlH_hGrN`mndEyE^>cMCfIZS_yKEIvPsVD<gAJuBM<F?SpLvlH[PZrnloVD]
zpfHQl_fhdOFP\PgJH]d=vSaWPGLpM^wrGadZdkR?s?XLLb\nsgTnbBTa[_cPbPmmF[uhK
zshx<\zpUPimwuntU]>UdFO]vjdXdKFpphLslWc>HjFa^<bM`CvUynDDpPv@`BqFPaVImu
hx\cXEm?EUyBXvtxXrbsgaEn]\Cdw`OD<<xkSRF\=n\ivI_dH[s[<N?MOuyjBPUxg^DcPo
\rqtg\f[yXf[PDb?NdBu;AOxzhCspcK;[DQH=obNU\VJi^fhEverFIzShN@\ltfJ>[HhdU
g^x]SBpO;JLoywPYF``iaboUfcXCr>IFwR]mip_oyJ];u]uZnWW\?arxsVNK>OYwywP`Zb
qIZVHMDawICQuoCetDZOYGQFhrUhZn<of_>Bp\De[XmhwmNiWRMeGOCWlP;HkuwmAdfzM?
gGhk=_l_sc_R?uX`BJaa;hPVipka;mkVSxN<FTY?YvXfJicxMMEhMRfudEpsfgHcCC;y@f
WB\XoDK_Q\X[;=hh@\CD>=y]IMKceWgiG\EzlROYM`PB?WxDl<i_qq`SvUqXL=LoMcpfth
r^>>iaSdbCuu[;uNOMV;kUB]iWOoy]cXAbzYtjhJYUKxswc\P?@P;g]TrrY^i;=rvbYk;X
sWbNHx?Ffula^OGb]>Laf?Srkao>bWOAkVOnD>aVXQesK;Fr?wgobIlbTqf]PgJnFz@GbQ
PxReBWqORSlv[JDK]t^djR`sHtccDkqzK]mGJJRy=Gq=^aMFZIxaSeTdcSb\]XAGYcAJDR
<BgrAvrB`tDFTH;qmDrcZjATgv?<njrDOxPimvfT]We`=o_UHnFh^s`Cbf??=<eNLsNiPs
MPVX>HqXS><QiTcweH_HkRRLyU_HEGp<OTPHRcowEGowUIMCaD^N?wnTr`qwstfW;lrnk`
dEtiMNIXU=z>Cell@cgr_BzosDVfC>`pB^Jr@_<K;JjaX;i=b[ymUYQW@rOy@AGAQp`<]P
AEs]riEk^egfu@OuWxEojzOlcxsdmXlS^AKJp;gmGDA^c_vawaWs_W\ZsptLnE>lbNrL[w
UE[kt_dcyVzsrK=F=]Ce>GzN;L\^BIDeNVtxSuvCTtSLFxNhLtrBl;Sn;bNwkhy?X@V@nM
nSuG[?bNFyGt[zs<vSOkB=Lj\jt]N@ZjIz]LEhFRlxnBPuMgiEAN?>ZMmdQZrqYoGhQvLP
ED<PK>`?gFdQ<aqDub]rQuMT;YKTL=B<GZmubFMgXSbptnycj;gxRRj;vksRIGM;OKx>aA
Yy@nQ_i_YpH;VCbKcSQE<?FFTpMMMWtthof]P@F=Ap@Lr?>gJjGtuH;[UDeBRCoQWMGp=L
QlryA<N`r^AkjOf^k_\OGid>NoMesAvfbqOaORqc=fqsxVUku^RzRxcDHY]GXUjPvLXVHj
Wb]ewp;;ljRg`e<wN=FOZ`UNAtyhvr?jzitxTB]iNi\wmxNdULIIazz<rYipsOY?i>P>Ni
SS<fpQN;AtCWQbLG]fFq=sKJMQ]qd@ECAQj]invI=UZeJtahMl_o?eWOLr^v]?aLPSHRqG
jM>WqLE^eLniNvpyNVTgsF@UH]?coXAtChom?PTfunQXVbuK_d`qDlszoGEJFugxdbJ<wD
IAvRtQmY?y_]HIa>PDcfQWZS\RgqI?]\BGnmoWqQKF\KqVGJrZKf\BjDlWMReUv;OnnIpu
Slgt_Q_WRZm\yI=EZY[<RQaLgTcThCiMQsex=hn\]bJOB?R;Y>ECGazXAldsdiYQWoKwrX
WE[qSdGa=XFrN@s?z`YNgAsggG@`Js\QmWKf_ss;dmJy]kPueJnrohhmeDlbIwKfqavJ\E
w<UpzoxXrfu?xCTsBmP`CEpZLD@^@jyiGcl[@_=HAvBJcDPmo?jf=FUodlEGFI>P`h\weE
PMRMhA>U^He?@h@QQ?A^IuKanCG_fxdsgwjbYh_A;OKfamNVM]urIe>[\sGVteAloepi^U
_H^zNaRvA=m<Ho@IddPNvnGb<dSTs;DcsblzSadz`Om;ySTf`KnphbVZ?zaJIg<?QE<[L`
^pXFOc\YSBJaUrVjfoZryien<IkAN[JF=A@Lb][gSZbh_JL^n>P`QhGcglD^hsnq>^`\Jf
ptR]`^uyEuCJG=Dobvwu=Gz\;lIqPo>=NROhe?fXPmkDSih]M?o=pl=izoMkNG?l]ixsDf
XUIxg;I__^zJHtgqwZmN_rJRt<FB>E\b`^lm;_xLckvG@nEe<RkGYF;EEwg>=?Od@[[mUT
Mi@qSEUH>AYGtStML;BcVRN<G]PmDggsxvBEEw]RrsJOGD;MTAX?XiFNfwedxc]zrKtIcZ
@g;G]oDyHxOeTAP@dhdHyqOIJc_oWhaNBz<]cH<VuaOLTd^O;ifmGMKkgMNk_k^Gbft;?x
qx;Vo[meHVSBjChTuLxmGXzyoNzxsFwFuhySdfSoP_tkq??WzlC@duWhWSnvWbqPoslK;L
tlQw_pwd?JqyDU\tfaey\HAIDO[u?l;
