33vR;bjf`F>fGUVKLk
vZ=TqgRjtoYRp^lHb`^cBM@_DzlEMZdA?_o;j\eguOQGYrGBBcwQEo_uXFPuzgihen=Qks
dnbTSClw@=vku;GnSTGt@em?=gUAReazDJvLb]Q?XbNxHo`l>pUZ^wNwBV=kPIB]jHZCRK
^>DNtTRsiTugr@mGVE\bH_U`rKdG`HislaxP@mIg_O=[dHvWJzTp<LseoW;NwTnLjtQkdU
xLBz=Ra_RHe\WLsfl_lHPRsFEj\VMrba\EwrKW\VCwLVZiYez??zZWwVF]A]P@Slh]H\W]
uxHq>gHPpFHzc[HKsehugc?>eTCNbpV`a>^OH`ByMGxFxqOhfyIiorFojzGQT>?krhiXzm
rfrl^L?QkVB;@@SgtpcDCcUeNHuodLgjnFt`AHagWGncKqIXzmaZ=iyYCPjtHgbDBUMK_^
gsWDD`xBYIsSzQ=mGlbLFyp@EkIPKVN;tnDdRHhxoXVI^s\jWqrPpeg`O<YhCq`cbLmE[T
QDOkpSL\`cFVuRnCMaA\Z_hS@U`=ZbTa;Q^u]@q<zJ\Y[yYAUCbTb];NBK?KjqKEDjD_kK
a[MxGYX_ksFRzIkwJk;efStjye]QmEY`y<gzsHgy@ezJXOR?GcKBLSO<TIM\HxsLkwJFbT
x_EqegOrWxkWj?AaZOf=luI=oC@CBg`iXeZWFEsp`WIr;oivwD]XgzhJaWSKm=^eEiMVvM
^;u^FdGsXkPwsH@LbNFWS?VElhj@w?@CpzD@[bVPTwljnbUmxh=\CV;CaboyHsD[HF]gVc
?`udqyosVYFmGy;JMC_ECFpG@R\otXXDA;mrhPuPzj=eLufXuXtBDI?QwWJWdhVbFytI^T
[LLMpP;\CCl[AD=tVlNiLShXZdYvt`y`kmlDqswagO_bG==yGtsZPEBy_ppz;VNwtNSOM^
_[xHrfSE_UL^]fkHwU]SgJvTJ>kp`\;pQk?;;eQ<Wisl[YvtneR\O?rCVPAgOQF?eoCZeQ
B^cRzm\\QA?;ZpqHcWaRJjZLyo[cpZN?K>YLZOMw=OuKfUWG?n^[FQYLxLHDe?@Gf@ZG<r
@V_K_Yoy\sbu;nVqOBpdtnGNySI@Z[CRxUyJjbcjzGEeoTEF>nPcfAi<=t=hQgI<DHvNGc
`GJ@yYSEGvtPHV?\AGUZQ`TcYZzNWIn_RKMpXxEIARB><`TzzInyYpyDVJ<PgPEeGipIEG
HDlIBNNGdotFFqSNm]QODpLrxmVFtgdKAx]PVqVNm\nCNX=Bv\Qq\Ksk?TjH@hn>[PO@tS
w@]VP[NrIE;e=xCD`;C<QjIMZzsJz]HITbPFBjHHkkt_ZUN?XMbM=IQdzALtNQd>t]KVyu
[^G^zyp[b_fBf>\FyZBmFN`YFkdMz@jdDiKuFdX?]NvSnKwCYUZ=RmHuorsCliWtp<ZrT<
]al[;jytkicsHolgmrz<VcsSHmA\kjd@AzTRkdlSictZvbuDgBN[CFGJW_OZ]HZgXOKDbu
qMwb[itKSxFxtcxxBFuZcTnG^giG^WvBT]oY^tuoqIko^VTWC<Du<^Fz[`rmlLRfGH=@t<
Ok;knbUcz>NB;IL]lEAzcOGEwO;LCtJL>oegWrxxSnHFguzFMcE[_aXoq`PivS@m_=cAgf
WUkG]fD;@_za^?AzYZLo=m`Bkiwlo;OdXMQY\nm_Lgh_HESTZQ<gEn?GslLiIfv;umYhxr
AmAApTBSVN?IueLdbst<HrpKu[zA[Mgu_RS;oiR`?k>Tr=[iqP?Q<[ll\YI?tSDrw?rEeZ
>WvRdrpt@@DUxlzlePlnWlB<NxJkwex;SNXNO<rFkqHyxmv?K;]vnbj;iARpVJPQ@pTMtH
<_pl@xKiNDO?XtkTTyZ]Ylvh;pzcPcX=ZcJ_?rQVa_DO\j@JlSM;>?qghLwTcGXcYiUUqK
^<qGKG[DrI`YQ;uQvxNDUhwsDmKyQTRk<UdF<h<LYPgNYJEKeFEMsguF=`ETcws=fag]Yg
xVE^Vl;HK[WZIqtBhC=CbkU_zqLWG`jD?RUWJ_r=tsVF<maY=qkO`DSa`<TUxtxHs]@hcH
]ADH_ubSFEO;N]@Zo>sTUmPVqZJSnScZ`_TUfdeGrboptIH\\>Tw]FKUGKnu^MX>@dMXP=
QDyhAbdpbNTOXdj[GUpW>g`<GPiYqRx>WVsw^H;P<_tqi_rcFLeHLSzGcAHfqilbL_=dQ>
hkHA=NDo^NqGe\_EEw^vvEUGofiUu\\BOf\psEXAhsRdqcqno@sEcxy[xjKA@ZrxfhQ^?n
rDC\WWOupcy?;]L=lsO<S?Fd=ezVFqoDclQTTgI=?]xdW]PvRluvEBsqXuil\eSn=RN]_P
n_tyVgjZs\aYZwJOuESvgCyg`H_Q`ktaNSYwPX^[zLF;GZR_bit\;;HYoS?HmPq>@Vm=w[
]^Rt?StWf@RQr>ApuS<FH<hvy;=<BSqtWSHh`geyrcV>HVhds^iZuuyPRKDM_fxVA^OFPb
_L_mHmMcsaxy;pY?<_NO^JwXUhQX?JKqUGVwW<^H;R>VZMYibNkBZtlLSmELRE`E^@jChc
_iaLO[SAnGO`lfyxpm?H\<h;rUXp`IZxqx^ffdXXfr\bbnSXzoqUVwBPy[Te_FkxaAMgQ>
<haDUMiicjYy?cfrIzAT[lvAvqkBx]IPbsV^zH?zV\JJekl>FWhBelViRS`hj>FDLxNd?i
GYTJ>P=[WGIK@lb<R=[nUZcSmPVcf>NYHRzg=prgMJeQV[sGdSqTGhh_zfZiSyABlCkMAB
adSCPH@]pTiUx^Ju;yiSchp@kpD`KsyNe\miPyFk>NbAWVhI\Ftc`N@LOaApFEFmUCtcdy
dEg;sg;f\Mog_y]kNTe<zOIS?\ZPS=nx=[SrelS\WPG>Ocq^[P;RKkFko;qVpBLO_ClKfK
Th=FKvndTn=GOuqJr_SPkQWoGel`N@equ>gFwujre]\wWaQAHR_CnEVsOVWW@Jy^qr`JYm
uwCVVI[uO\f<xbtJDswTgRMSZiJnjqWBDRt^]jXc<;mpz\I>vHuFX_HCD]cIX?fRRV`euJ
xcudr\Q=O\I=dryP;eYPcQtYRW]HTqy<PVQEpoA>;d^TDem;e]Yy>m<wU[fcBzVXHVFSHg
AzWDWAv`lyXI[BnJydtrsU=RLzRrXl^y;W`MhkCcAi[o=\\PtVdZOA@srBNOHmU<JLHE;p
TtLlgRUX]>N<oHbSfiqSQjxT;zETSNB`yu@hlmYwbG]gMTKtp[EWbnojHPq\\>E?esdGL=
`NvDW_uATCEtAx@CXn]sgWPW>fNjSx]GhGXYHD\NZ>koJfYeAuaIwZoCc`O@>kidQ_Q[y=
KC<Hq?zURQ^e<fb^PqzohhgWo=ahlxfUb;[BGT=>C[Ez^j``;[ef]sFUb<AGzX@;T_^tB=
T\zQrBwQZ@OFKNNHfDfE=tNolBHuMD;UyOVICc>koD<RZdMDgFXnE?A<@_ykxFo;mzk\;Q
mVqUHF_wh_\aekPGmlKoxHoF>pTFCpA[Aef>LApMO`l[p>vCsjLqgVIaNn=?wO@=<fJrvX
d][?RFO@s;xXxF>K`kgVOt]BFMeBJEGHWTgO?TmiHnAzwvHWQivrAyuuGqEOHoTJiRpCuy
gK]l\sele;?VM\CGXNzFI=<OGV=l[PLpPcw[YjSwG_Oa_STXTcxweUOc]e<jnwoVOidTmz
eiwrjkGbKngUBLM^`SgRRHS_]N>zVEJcszPc@L@=PKgtZ;\`_FlwowZLk=ll`nrLKD@gBM
lUax\ygOoByICoE[vO?MZk\FCSKil[ElORP@C`tgiJBM\^NM=yTl?pGVaoJdK\d]S_BtKR
pXO?jGT?eyju;KFAB;t^Nchn=FDFpgZrmGkbTPgji?]TVbLxQgGXuOBBO`sqhrG>brK<Ue
ZE@sXb\ieP^^jZNwnyf[UnKo^_kfAZZGjppAaMz^VFtzr?_NRNFXCnN?bWFHcE?ZjbE>er
oDZiFjvy_IIy_OWS[fD_VOJPWg?]PAqFMa_ohmR^;FCiciZWnloTbFTvi\B;ElYF[]iQSY
fATADYHEho[\>oULdtoH`wZWSIyglGdYUf=^cigUoKeibr]V`_Wb\vMOzIRqTu[hIi?eKH
_@yPg@?kNjpBDBJ[\unQJQ\y=yknV?;WQ_yjM_nA_cC>LdTkL\qTX`>;uPn[s<HLcBbOy`
[zHQkDyjwTeMibI=YwMHC^zNWr?kOO`ceJnX>FKYDosEcv\ikCWlDLdMfBTO;\LLcNNoVT
rYauEsLMck`KIcLY]sB;R[Hi[b;MqArMvWHWo=xDFK]Rz[zLE_P]pkzA<rKoBMN>QdEqIz
]EBYV_HBT?OufGgR;iwLcPOgv]ruztowW_dewytT`phzqtwWWTdCFFlWSzZF<bbtcgQF^\
bbjUhZp<_s?_pno`PwRu@kuHdffq?V]k\rchADS\FvH`^kHMUwdVOnbP=ufQ;rzGM^?`WK
hZWbkJBYr@z[`MDPu=X]mJd<q>HRtvCdFg?mEbE\Brbz`LSzshkOltl[nJAP@TpM<LO_vM
F[@RT>Arazuvcosa[xVUQmaT@bok_>DVuCiY;iftI`HiZv^Qm`=<uS\GFhUoFtX>XClweL
seZaNAlP_argp`M?yrKD[pEK]BgoOSFOTiUU=Ly]]HKaj<_CCHLB?N[=fyt`IxuovRq;^r
EQxSRG@JsCKiyQU?PxfWZqFjlyKwYrMBWVvmq]x]vzdZuDEdm?X@saGUjqH]j@=\<GDgg]
LVztftZPia`hwpFVclrPHrXmSddTOMhqJlRtNVtSqe[=ewqv_Jk`i^IfIAaCK@[bTQYnzQ
diA>t^GfEMXJ@`lov<ecpxLamawdJ`oaTUIt=gp;SH^gI_n_IONOgbU=wurErSfokgQSKg
WSuZZoVdYePVOlBJfh=OWz^JqofL=tKRbhXk>=TFrQbnetqxXoVOMwtzZ[x_FXVv@Zh_yD
yRubP`Ym;NYnorXWHEgFaCx;MwdevvvlEYL[ijAnkg<]WaLbRaQ`JvBBRzpW[LsIkl]NPJ
nSj?CoOWtl>O>Y=MSoDIgNvpAzsgvm[KAzMCrSuu[=wRYYRBdK^lBPzXNiEGPpH[Rh^N\f
RpZBFiOnGtanJm^FskB=OkH;G;OFMw@pS`w;BSpq=TXZfkB=<hLTQZ[PU]CHJFwX<bjKvo
?`[TtNyoZPNcXpUWfzIp[<A\VhW;LRDrYS@Kn?X<uK>nKv_guW[rzecGLxG;ZxN]WBiw?n
gl=oDbGbNABAUcBcMPCv@PRenSCnoi@hFqNLgkfITE>mKac_lZg_pS>oygvNtdurOjVcJ]
hbKhainP>ahNRZBNl?CSFyu;q>s<\pty>GprBFpUMgl`LdDj]BzHJKH@etzl`ZxvaAbepW
]SllpaCJcUUwI<Ltgs;]a_WCmsZCdJDE^shqovIsRkjAvrbF^WOFyf\fdNDtR;@sObSkvz
?UNVPNFd@\uVPA_R\YGy;xyGPHbNynyXuHlFwUxVwDj<KYTNuLMJGM^IoR\YN?vZIk[CUD
\rK]jY\k=sRDqGt<ONumx[DmagWU\y>GteUJvvMeEXylNRriyYh?]gdFqpVUQEEMX_dRbP
lejvlegnQbRbPqi?dET`jlJV^oppq;eBxZkp_qMc`PkWOI^KgK=ZuJMJ\DwSZDCL<rCll\
Yt@rh?wg[uPbEH>v]\nfMyIKCeAl>cqjNjSEohMziafXj]njBH@EnOmsirT;j@unkxOhHu
;<Apx`g[mO?@bgh@;KVmhIRPNB=uxwROuZAFf[BEDNGkc_lkAVq_jPoACAf`A@sIM@RtGd
xgDdPBZTFZUeUrMp^ByNBDOmb;[_TEaWvKY_x<LQWIVQPpIQDcBdJ<YHR@=GCoMEP>C;iQ
_QiZnLI[FLj_M^^[yFjcS;i?a^?Y@nxVJy]FctQ^OVSjcLGaTqUmkbxKStz=aD<Vf?Fb]L
lhPxmn>JpEPSuR@PPJ;OTQFwEd@LEJPrs;tGoNs=fgQqPiTkOQRgDDtmCbpncefbSeOq`u
p?>WJQ@MSfyqP=eAwYkx>F>pOWQmfBxwCj_E^\VZkj=HIgCxL]DvLlaWPoYUNvdkhp[l@L
Dugp^NhS?fZZywoICLczjjDBh^fS`UyjU_BKLw[GUPvlBgTbdNHFw[M>ETkpRtyEbmHN>p
a\A>hyarT>wRwc;tiO?n@WC>CLaAMQAaNnq_>eqP@t<VWywm@LsiRgy?qASS=k;@^cpxUu
sH^`tJZvgXlb;xyHnYhcw==huO?pcMCAuBZ>y==NDJ[_qQYDxNK=ek[pHZxIoJ]wWPmygv
Dk[A@P\pzn]iCkCavrHG]Cgx^ie<vdUvjUyxlNhLcIAdIH@JKXwIsMotNvq?zc;Rog^dBk
TuPrOt>etoKA;jj=KahIZfDUUTSs<bWnlVgglqBHwgN@dxk=taqmleoGIVIndbYh>ifx@i
L^TVooPZp>aDfH@tKGorPsIENiccwzv[a\NgEv\netmB=XZbo[;FTLvSBe@zapMxule=^X
xUeKyjaBAw^jZIJDjIhtw;vbAzGmODQ?kO_gHLwCX`Xb[bgbF;zder>BSKof[FLLbrDkQ;
VymWYxP]p?vS`V;USyJpxHGsnlR<Ar@DmP^ugkT=HyCqzc_B^marBx\<CxDHHYrepAF@V=
`^Q@^=pc?BaU;MF>qF]@UEYuka<UTu@y@^BMAK]]XQwcSJ^GPi`TjfzvFnJJu^mAH==fw^
XUaeF]q_EtW?tTn@GS@W=LzAh?vqGaeQMZBBAoDNhoXICji;jmYIchbvf?b_b@sf<<?bGi
_fIcEYum=eFxt<r>VVpyNpOcEIxSL\_
