33ysbPG>AcTZ;P`^dO
>tlnWzaMbVLPhlV^A\BfpyPFUMbaCdxagX_ZAUUMCyru?kAe]HYuI\tS\;dsWatLK;\=ra
e[V=Fr>KHxwSqAOHJXIHrnDZg\sZkSC^SoTefJsKxY^wHigGbUTiYwcjVpCOagGKMBTg>N
UjOwbTjoRNINT@qQuyUA<E[Bzl<qSoHxKvqAeZna^aTPMohIOVAFq=scq_f?dgOPQjt\Gr
rz]vdgqzNf@RcYFF<elYJn>ywF_pSbXrW];HlDJ>oEeSICVUXvKdKo;uhLa>mm;okEci?b
sc\\AUCqm@Aj@nUT>Zpi[If>IbWohShWR;xaDFtWVF?dK][@qohjTxCVkayX<S[QKWKaYe
KnlZHf=XGzKKNQzww`a\t_f@PhwooslmnPy=N\zuW^wwF?YL\Dya_>YkaZm=s[_=rwj<fV
K`DVb`JrIEqEOrzKJiTIn@]`<oAZFKWTZE<hNWWDGNDjHx?=Xrg?m[Blgqn?WZk`PSeiLr
bLZG;u;r\bYidoTcx^rZ=JQ`FtGUjG\iKTMM@=iH>JM?vY\ybrEAxUFH?ms;xbuXOjzzeT
QtH^C[mnZVOnLLR;`HHLPT`Caa`AY?bNNm=aPt^zO^=JmhEysI[K\dYb@hL<yYuh[huAfy
@WU`=ilNPJ[UnUzA]]bw=QPWnKSW`DxKoEXQ?wZHnl_UKqPwIMZKu_ECq[el?s@@kQXueH
nuijfTMIKF`ZabAkqha>MtjW;`qP[xrnbKIeDCdlXaGIGddgO?L?zaJwii=AuaRhTEyysu
VskoFIByVxBD@RPH^FPMGtw;b?DIlO_bz<;LPiI>uFClasedx\<DoyuQtpZAVHjf>RAGsH
gSiWF?UJER>VonlAtAZp?ppriAU;wRO`mbB^SZFMpUlWEQSsLWDlAlwTfWvOtXBbsGCWYl
dLYcfAfXrAWqeiR_kq_phNjREOZ<f^lzbegSIDfFuWkn`DHHRSr>ByJsNfJlYmD]vRvFRp
fuSYGqMl\ztdz<fSEBnKoN=S>@Z>axBFuEy_qbxYlZ^T\tgiLTC`NYgcXeP@GnKflRssDj
^^;cbavvmXV``N;LbVw`YfDrLy?VpjpxuHocSBK>Ex?UuvbfiGcS<EwhRgWODj;Ac?P=KF
OlOjeVXO@lnIGLCc@Qw[eihP<yqRhNNbKW@[k;EkihX<tI>vqSjh^Fwp`]g[xlHB>m_YxO
WSCOv;X?`^HyXl<;pRhlO[GiRpXtKbvRS>GwpeZK_maOWzzRxYNNArar\m?HrXVw\xEpny
gSvPJHQpYHWwFVAm[lKyl>Y^IewFWKIiD[e^qzEx_OySADV^ARWFMLXcFweIJBVHUUM@n_
FbUjHLLuepVsHDCP]YI>dHRXH?bKWALTxvFWgzc\Wv_PWjcIgUeyDC`rHFVolIK[XIE??B
fpGiO@@DwZJB^ifCEX=Pap<w]Zw^cFqBzTDLMmtvcnT;ZP`EHx_YxtZRKclbsV^UMmqKmW
kpdjaeFDU[XBGsq@CvozY\UVhFgyFpIo[cLfovj>PVHJuZKw^J^tPNTZwVt?mOOd_h@rLd
B@VPTKAqCCDpNIhJkBYopKHvTWidRPxqvqaMv__DFljwCID>[o[hLLI`JyuPR]Ga_BB]wk
EyC[O?q?>\]FSbkfP@K;rRGxHS_uPNVqN>ICBlQsOwfUYZH;Mql?s\jOuLMbf=sqOoE@?^
<HJ[F=GON;FfOecUZNY;pt?OKSRcXbdaB]FZxtltCTb^Yr=KG]nvsk^obS\`LRniBCyfYa
BQikSXWDjoXWdycgaKWItuILqcfIN@jDZCE\=L<H=MCpa?WGlP=kD=TxOO_Eb^OmSQP>vd
vpBmy@\mcoRm?gTfPBk<dRimrbuem<_VIzZ_ydoQiAz@r?C`f\Jo@NHw^fJh_MAcwD>QZZ
SWsGORehQwbIDURZZ\FjtXdZWNvIkieGc<ygCKkks]sZfgo<MXD=VRnTO@@QbaiY;sG<td
KvTIMSdB<>^m_?eOU>NJk[f?aIOJu`jI[TqXikf>PMrpEsFelQKqPYbJJRKKSnKeUhKxAr
Q>Md^nS@[vamqqm`\mjlV]IyA]P^wNWf[L\DqPjOhha^_Ef_ylsksrP<F`fV]g;dsZTyrz
Xep^lPIQ^PonwQg^p]Ijbr_`lzHGq<[RAjK_bZIMjHGF]mF;JBBDAwkc?GrOfg;xg?RPyN
c?[OKEG\dw@v?@u^]=xHqUtv>uoq`z`j^BhsuFByxfyf?HHajAafScvXf`vhSQDsju_Qhh
sOvI@QC@qD>wGvgRoPP=ZMtnpXd`of?^TU<[DJ`?GLlItj=rPb?`\\FnulGI?\QIwKmnWV
TFVf\mi@HlZitE`iW\ciCSdco;a=DSPuY@jmpLtuydG?aOOwVTMloHCXRvM`k?ksqhgf;x
sROuAaLdW@WVNeXVINgZNscGfU`IKWilseLGGQqDHRrcHUsCvGwEp\A?DQYxg>g`Mi`zMv
bbwIQPRBT=tI>voanMMT@MctGykV>;;Yrx=IKJA_x_?TBD<nddnyJK<zL>hK\jkhhgwMlc
Uz]opxKJ=UuWJ]_pXg=G`svvmtkXp]FLnM@AT]gmKHFQa?FVAQJBSNJpEupgMy`;Wbc@q=
]LtYgXOYiypmHbepZRiCULwxmARFw;lf\DyUZBsdHn`zvA^JowqY;nEmUT\NdlO;dWOLJR
g;l<A=DSiBSRzc<BjeVVOqFf?rYw`FR?ewRG<@XHV=TjY]HNXbBDXim[hV]fIl<XTeXz;P
K_ZZFpkt`ftZtduvZ>gDT^\JcG_CACv<kUKQ?>jv\q<VOG<YGC]oh]]OxHtErL=Zypgm[n
FUewnR[wU[]TI_E>GO?hHSuSqCjbMOwicfzYRACY<E=EKl\bFBQlOGxjJThoAmx@WenwnH
X=Bgz\lEqZ]EYFFqMMQnPIjMDbomfdQ@LYLS\pSmQ??VYjkUjxQ@AZ`JfDiB\RKwynPa]a
OzddXZeQAihCwSXDq\l;yI`oqnYQXIH@Dw\cCYdxOYF[Psw^R?jQFMTT\ZOURQp\rA?Ns>
T]`oPammWrQOv<kHUnJA<HDU\rHlucmzdY=AiyfFLwixL`zcyV>ILO[W=JS]lYj`ZRJRcf
gfz`yzilt>ROo@ADRUSwupT<XihJh@<woDOTFjROPelTvhTn<lQ;rQaiXojFfYAYuCJMXp
MG;`gLzZ]t<u?mUdnT_SROtaO;UE[J[HekSpRYmH`LKfwpM`VTWYx`ZFE<Wug?^ChYl=fI
CQmYtzIKjM;p]hef?qIRb`IoNFKShQhhTa]FYqxUcLBBBNu<NCXvpUNLYGAvru]c><TzML
CWRhb;i=zQNOkQOjwxdUIoJ`ANbeY^yTAntY[Ku<Vgj<Oqary_]fUF=\NbdwXKZReNlIK=
iQCE_fqL^]=[vihlTCO^NVcSHVzWwk]?jkMvR\bHOwb@imJrjRtLl]kTNsMqVa;knAtcAa
QsTH<Ly?P]Pl]]OYJJ>?TCAbqq]BM\omqD]hFM]tHorvY[LTzVY`vrDYcGUZ?]clefrTCC
bmFj?zL\<h][HTtX;d^eHwHu_<YOlb^Yjxalzfji<Yuww`HqZu`e[hx^MqQP<GxtZCRVtK
>llxJXDW_^lSRFgbsEdRyBa<gRhLZypah;rdKfS;qMqwCDy<rhp[WfAesVQi;pd@YWwUCl
LdyGQqGVTq@XJzrJ_LZ^\B<v<fw>cGjQQXFXUcyTkc?;RUKL_nNAvThcXv=VriuRkktokB
tgj`SGutRo;ktoonMWKuzON\AOU<RdeZZwmnsZ<JVc>PeUzv?kWgfQ@U?ga<c@yIPGE;My
ophB>onvocTgFMSgb>BHcp_g>Aw==JUkxa>GV[RbJBhxzeq;Wu`wC^qAyIQ=?Rrh<RbFgo
D`k@\t[IGiHIWs=Py_E;z;HiZ]?RBfhFpvUkJh>[GcpbwbaXJ<JDo;tJYsNtpJcBrurrbi
rQwhhXs\UCkLSjgiYwtgh;b`xGZ>jQjoO<sqTxcQQmWYL?`u?RzBN_rWW>q>Srvxw<GbHD
;=`Fv_mDGXwd@wHK]gHUmm[`T<d`XX]rsPdiEd]<\FzXBhagEwF==?]cvYVjZkpkw]P<AA
Esl@e?QIhnpP]hB<tRJy[lYlbK?gHdweASYo@LR[o?IGqRQG`C\^x\sdWe=fXQ<hgSsSWX
DVNhYr=>X;NmU@dTZ`x><?@lmMJFNBl][n_I]s]Whejz<@JYUWDeo<JKziNvFSCcrveu@w
>X?O[E;JjVFTwFSYpB>wcZtqZycq]lUAVb=EI=ulPhfn[d_P\NhGy\[aZCfhIpz]Pb]jGk
EqXl][v^wsOY[jgnhiFtID`iPOBjkQnCX]_>?Yg^WH>Eo<gJjZVOisIkLmcHJrjKWmlBWx
maObQXOOwNbWgQSl?VncAfMkG<Sr@tM;uy>Ud@HKpaWMEivyQkMnFp_c=y\s_JSRQjTOhg
eGo?OiyKrty<>fK[erdGjTgHPheOC=BdUN@GaZttX^_bDdQAZTDWXK\k]CZTs^_K<xPrP[
^kLa>^LPGMYMQTvDJZj?e[ujizkZUF;HpIe^>xnRfOSIixrhV_Yt`ZrADn\fXI;UJcAbKo
j?tXXDA=LJwmuvp\S_nx@RGbYdL?ottXHETKHDpgsPoDI<XWKNNTBtg\qxl`uVsXQWViJA
G@STnQSF<cysByTav>dwCxhBhMsjrRR]`v`peTDv;PxR[opWMwXjFR[^Ed`sQCSV_vUIf`
m=buKizN\r@^RZ<_I>BbNqQcLyhz@hinRG>ay[ZjUrsfTrhGGf`>VggZCklsJUpr@MHIeD
gRkcFs\@DT>\gcwQVUhr_B>nqmgOyWmUwEyxz?dRlCc[gss>UqASzQL=[FLXERe[yVfAN[
LAG^^AwipeB[?EUGpBV]>RMzB[?^nPdvNzRrwnnIt;rCIfmkoJ@ILviW<cPBCYQoaVXdT<
NUeiRym`E?ui`iwpsXeS`sYOb_rMa>W;dIlp=xCMj`@mVdmojMogBQ\pQ@_tTiP_ywPyTu
\[RSikzfgQ`mHhbtPy\?k?`ymCbFnD>wH>^Ou_Sxud;<[@x`C>K`^rkMtlRHgeExUeaPwb
sq=Mj]U@srfTUK_EIAh;wP`iAw<uTlo[_xty>ds]PHzZCnGVUHi>OGDNyye=^[JbfdHdDz
[tpFOePqD\;`mKaoogFEfQ]pS>oo=MTgeqvVvG]Sl[Mgjks\u^R`FzOHcWOqjfQ]]pDa^N
Zc;fOWZ>iDpZ[l<A`u;Emm__]S\FXuOQkhjKDljRHf[YrOwI_uzdLEGoQQFr\AqroSdilq
@_pShLxQ^VmM_NYK[LDfu_E`pnWIvJtlGvxVm<qICSgcH^vcXsJQcD\[qPoErH\WP?ULMS
dehvWsqQW=X=dU]=PyE^UBL`UWW\<lE>bkTTk?Qew^JfRPtl@mRqrd<uAomnE_werveZj>
JtpkSnFExUdsNaKM]trkg`m>XmNUFxfU?>CYO;bGeLtxPqUy\WmdqTpGeUlKaEtNFX`mwp
MK?>ZNXOimaxGUw_]olzorFTkxgbig_MfnCPteYpULlXqk?p?=QGXyv^BnmPdlec>lay?<
i]sMkmDy;^FRmBZqb<]QhyeOaSAOhtZ@oyS@qmcF>te_u@O\C@[I[Dqz@;y;mTGqTLDBb<
[DvLBVT<YbVq_IhRuStZR_d?\s>vDFbZkEUPqbG\prBPSb]skfRZ?e@xWweKr[^?iCXRLQ
F?Mk;qIBRwq`zFvnaa@_s^;lI_wZl`B>\uNw]o>RlFGefuPKZKaiYsdC`@vJPkLtqT]@vW
wWaPzAZqPzjzJgtZU_ee<RFuqxzIRoHIj`B[]SADIknLMlxqN`bAd[sVY\O]G^SHFI]Qiy
rdXF;MWCm_H^Pwm;mZCftkndfPc=N>dv=Jqf^Ezb@TZ?JTkxsShHk<_rlu`tnBo;ROHPca
Dz`YW^D]TWBdFyci@K[v?GUOXtGtxrGKV<P]t_ykhlzettQZ<>DbTST[rT`fDaMcV=XFUz
X[QvTFpI_g>Mdvg?;WXeB@XIhlH\Hi?MyIlOdvTvDyeq@oRrzLuBjODgRXY^axIPzZh;Sn
@GVBKoLdoeeb>J>^RT^j[TG@rh\MV<ERA_tGLBE`l\=buMgkF=eRMBWujzFePQnAv;muAb
[X_<jREcfg>s_dwCxpS\UOz[_sWV?rQ^o[[OJCgFFxD_TvuGtNIEfaiGC=k?hk_nHW]VZM
dBzzRkC^?Vi=iX=OqbTb[Z;I[hZ^kpfSip`OGHxqDxBiI]uuqBMn^E?<ILAzwIv`Tv^InT
PMDaNplUEz<;LLjxnhkLrVxGUIU>MUW^c\vFiqN?zR>ibx_kebBWV;KpXG[IvUwGMdHisK
dVD\qPcoMkVFyt_RlVGOItSLGezcLv<j^vGpGsidprMYC@aZdXsLq<=N`dJT\@OdwwO>On
lndYNQA@JGqvcGPvJZnVGR<gOHmbdhjgHcupXO<LQERSRG]NvqHy?^@QtKNmwuyh\<arUp
wC_<rjONtjujRHS]?UYU=DMmZEjkiKNiB`uebuS`<vRKrH_?DrcrDXP\CE_Rh?J@Mtxn@v
BFta[v<fgpYRmZzlXi^JfiE[N_w;zQPe]B_E>^dXUz?Q_N_QHb@HYl?khSvLpC`i^xDtPF
vsiZWgo<?MaX_gnT[Ryz>PhmqnEI`Sy;duMrFiBsqkvGlwYUnbAY_Waa^jG_ai[tyuv\Dh
lZJlmgPHtUEBe;IRv^=@cGgd?W;^?ti`UbM>rj@kWQy>IbhFkGlMfzXP]`z?]frTWPZJaG
[qlZhtBtR\@GIuznVQs=`nudG_cSBQo
