33iEopJMGC=Vt`tF@M
ES;xjz>r?bGWzd`J`IDcK>Hqv_gSodZ@>pTOQnKTHMLqnCmA<wHrvGwAiEE_^MTwyJ]sOh
FvdqBI`<^ZOq]JNVJDXg_pUbKyZRWlmimunuqbtMqT;aML`UTIjemVXzff_ZDfqXqRTflf
YGRJe@`y_;O[BVITNEBaQAIq\Q>sXCwgTpAvwg]=SyypNnyGJpbHJGdpAQriaW^[?soXaM
sXnhlcPGXD<=W;LwVcINQfE^gx?P@nuwC>^>VARfEeIRmH[BhqQwTcBqFZ>eaX_@ggSYwt
>yCSdxHQ`omPhFlkQIwH]LBT=xr\xzjQeAaFj>i=sUvYTloAFF>WQk?KKBzQjEb]rRRjEP
GJFD]NL@OERg?ulfX]VcPM=CCtDZ^vosXxl[<i==ejcyMvSA>Li`KcvbI[DoLbM[mytQW=
=CgcehnKppwZg^TqPq?itjwZOQWl;LJj_tktT]dO^pqb`dzfxsGMcPIV;?r]@PDzmW]^lG
PKZQqg><ctu<vMO_NKTv^cc[oNM\VlpSlJashGTyEgxLuJ=M\e`m?jcW;Trb>iDOHu?aY;
Ln;MnYKYvBi?Tb[\uHYNzLhcT>bk@yEcJkKYUiQ?az@xnXpHSU]?AKTnuLTOzwbhNwbt_`
cUtfPxBSWPPeXoz[Vj@b@cLdV;=ClxWUTy`Qy@w_R^fos\;YKpD_jveL?EdolRIIpr;@hT
IIWIr<zI^_vvs@hk<>lMpnfdS>YvgRCiGbPEuiU^ItlKJKbr<OcTtGfgrI]IGA[vtU\MSg
oAZBBnL>m]@U[NhVyV;G\CEAOjH`NlV=yLaBDd><Rryz=wgJpnzx\wF<mnO=jBjBfqbhyX
J\JK<XU\ngcgmCWcKh[vO]yv\enJUJ=g]BrlxYL?bCjoFnqVDeGiCWdqLgMvgd?Jk_kbQ>
gw<Fc\khexfhFZliRJi^D]yTB\iqXhs^Yfm\qOx@@bgoOex?HObvXF^]^OPiDuk?XA>lyo
zmbXEE\FER@ahAhW_f?_^p\Gfh?Jgta]wGBs?lLegSHAt=jpyycrV^OSpahFuYCK;JirXW
bv[R=k\Kj=gC]G=CtCkUZIn<eC[Xt[ZpEzmMWWFC[?KAVr]`CpLJnpVVaKRvT<NQ@CzG_`
MUz?@>IgElXz]eXWRzp]ploqFMB]xE>Ra@?mfzeeZRuE;K?YgTQ]Bg>jVg]gmRWh<[fF@u
MbSp>rXkAlBdp=y=fctDI[uzAt<Oy>?LyDkX=Eyrn_p\rSnueo>j`C?PDs_X=HgjA_mpqm
vVJ<dEBlZUOYR`a\Nj`WMI_^h=^AQsRT?NMevzdDx?x^_GP]eaHQLHOj>PjbcPn?SWesaj
HbQxKFp^r;NTanKL?uuVVwFLJai\pgBXe<eahALgsSjeFZZdiwcfxUBSD^i;Ev^\tJdZ\j
ZwSZuXY]nqHzW<FklZ_ZRbjL[atkvo^CpfqDwYBp`h[fPvkXDyy[Ad=xXggruP>FdXxAPT
Q=mShmBW_zDKf@uZmdf@Q`oT[PQ@myU=>[AQunWf[=bM<HNI`BwU>tgslgXe[dmmd\^mOO
iMucu>uuhwHmiU=jSIZpk`Zh@o]JpTEcK]i?oKJQsCTPBRyG]YaNHCsXsqiZX;?l_GR`?I
[gVa<tSmoLdETPDNRimpRmmPzd`BKMUw<U][BoOl^xowXSBwT\CRNbSXlbxjBwbwJRHENA
bqL<G^FJugAKQ>RGAQrmlq[C[UTTzyJrUEwJcILEUs[SNeiqf>aid>pN[D?^aoUIa>>^XI
VY=gNVCiV\LAoOXTid@h[angVz;pXMX_WzpeyMUlZMgh]hYknyV=XC[rscNl\Eje\ko@_k
x<xLdYmMAn^yaSk_JhNTLvyYW\_zrnGtzenm<yB^XtQRnjmaqnQuHvJOQaWbyF=VZjuPV_
lsvjrd_yS@QeblKbxTWGCO[\n@jP<CQwKvKDzFfhvb=WkO>E_cuv=@BJmL;BgIxPNQTges
y\bIrMGgj>vrfjynLNpjpKjvgQdVkAmUxdhT\Ifh@BCEY\qJF@WMo@q@azkHSVikM`VpVo
NzPWPro`RJZkm_UvrTH[<P@@k>Mo[tHEwzSXkT?JGXT;sT\DWkHzHd`DB@zhtjjYLBHyf?
Ty=<HyuQFOOAkqBrZ^[i;iG[ZlqjaRWgluqhcOt^e`[NdP[RFwzAQpArnzsvLfW^xf^>fi
QlL@JidMDKOKmLyraIrnoNN<YghWKL^[N?b_aJLIHHWxYf\PijKc_?eUbU_ZEI_t=htHmx
?jRoxDtaefPd=vecc?udbeoIGJLiVPkG>GgLGmkcPvydB`HCQzFJKE]NwoAwz=GOfeZUtg
=v_>?ZT<ibFMp>OvXSqX@qdO<R\NcAH>X>vkiW=uCYgtb@_[?>>lOPToNfzvICLFpAf@p\
UvVJ^AnpEbBWBbX_WGjKYWmkopv;vsqaCYeoJNu_V@iId_KcaAhDTZWvPWzi<WmUEtQ\rv
bEi_HU`RzjzBAopSf=lldfDqhYMrvlCC=_M`dr^zA=@;XyClI^Y]gnwmKe`DexJpmkxEd]
cCnxx=ztMaj;tXfJLmQXs`bt;E[TLNvtfRMVO]cAtEr^zH`^_=Ef?Ufkm\umaqQNu@zSzj
;wA=TmZ<hJ^;]KzH]XYelV@<rb@W@gcEjP_FAqzfLTpPkPw_\GfdxphGkXkUHJOMIQacsh
p]U`BlixtExUcpP>Kt`eT>SZkbdS\_dKK]DCHAyrXVyAksuyPPL`Nx[P^@CAelVtIDBZwG
`FyYnWTjD]PM<\qZqngD[==TK[bUEAH;EBiDRktULu[;PBYqArUcwJqAlJcxZqyxxmsC>u
zmNbs^?lg><RIzkd?<ElQu`TMrgaAPcxgS[kMHQL=tRv=[V]Uve;U>HSIXh;nGoAuVCUv^
e_C<FTzQdrUw`dkd]CwKugwG@=EZaXjdkWfrDwa?PQPMOaN?XZecivLvlAYUJq\CipVgY\
fKH`yZLicIIJeiEjkz<Sxt>LSgXTf_xqN]oyjTyKRaTTM\o?e@jyLu>lIfF;nSyMvd\j`c
XeLjQ_VNp;awhHelPYloSnJevLMRWP;Fri;kfq?EtsVT[qv@_E?=WqxsOfW]arAMRZzf[f
lxIBtMZ`VmWfwmxlBTERj>jIZ^IDyE\M[@LkZ`rr>Bk;A?@JL<t^dT[_TrjH^_tn]YoN>K
cwOcQHyyB;\`NuO`Lj_WMj@T>?x>dGJBBeKFdd`<_y>yVTtiLvOmNOl@?<QOcP>awaYx>p
skkwhNCdL>uN?kMKcbx\jew`d^^qCWDvv`OOMeuAhXY?JZn>X[DVcfK@Mymr\w[ZjyNtU^
]oAbFMrWYYtsvM[oXbAOwYn_NOpm>N_qFQ^OR<YBYGSUoft<P@=mjrykj?_ZGyQuUHB`D<
Ru_iFObJRzH><sGjSJ`siAgRQpO^nMor;t]?RVVoaLZtUbOk=AGFuGoNL`a>RpXFGVhgNf
gyNGABq<yLYbytNsGTqtXwWm^?>xhTgdDwIx^EMAkcHVbUdT=atRgOOpsPdRte=GpeM[xK
zWcxGTxJWzxoNRfv=fKd=^FCQmdkvcu>^tQqRtMKu[@pz>OhpAjHjhB]fQIunwcMstYO\I
zROhaPWqBRKvSLoqZO>g``LquJEoSTpKSkCP;sjwAoE@cUuDgpXvy;e?eKvALjULchWDXF
;`rvl\`^J^;LGIDgEdUJ;IEuPo;g_I_<_eAxEMCd^Hpxu]tYsVyj_nqaDjNnoT]GJZ]TlX
;ZFyawYuZZr?KZeUyWxI_dLffEk=YH@GmtzHna@P<Rv>rOhJzzVlZ<qu?Od?Jc`@l_Y^z<
RQocxfp^D]C_oFd`MtiXyOnpXmcCbwnMR?_Svy<NiRrht^g[A>z>aJbLRLqszgvUzEL[S[
zsmUVw\ORfeNZcN[IMT>hh;UA==rHvuQJHgiCSCJUWBFGcHIi\nblIAOCv>x=SDa`udPQ^
OabZVjSuZRo\=Y_knOuWUocMoAzDskJ_H\aIUdb]UfhUunm@pcr>?QL=h\yVlb@MUwb^e@
oQLigJ==Lw`KyML=YieOaXrwsbcvj?OsGxWsdYPAAP<JO>awEk`n\gyy_gOJ`FsgJLRRzq
?hqN=Oyn_DH_U>uXm=\d@>rDB?od]DfFlH;`>sLsJpSXIy_psZkH<wJSdt>Fp@MCO;qdQU
NmFjIK?PnZOkLk]CT_BGvKWltps^ZXaG_y`qTG_w[uVRLYaGOGzagKYfHbxSp_>v\zNvt_
AjCMpqE]mrrCUp>dCiIZQAaP]b];=ZyzmMfU[rAgGGZQZC?QYWriDOPpVbObbOmv;mFBr>
zwZnisBJmv?KR`opSah^OpRxGEF=w_^GcPuBFbfqsgOOdB\GulrUMwU]Ugk][nTA_uJjZS
HPsylHQsZKsmyW\Dg_vPiGpJ;>LHpaSX`cJIuFMBuu@WhJMAyE<hp]lBqHENcwbEWL\vhN
ADYE=qIgraP>WK_WgiiQ=bAQ?YLOrTYJmlN=v[n;fHaqlTjPApBStsSda@QuMTI>=Z`^Hi
MiBA\Oaa_NTMHCx\N\IammVGMExJsiZN=Sg=aerGIoldG@E@nxvNZEs@I[llqucZ^YYmdV
tRjMCLqKD\whFdoAd<s]N`;=M`jB_KLjUCvZH[<ocZOb`UsqFbMU[vZSHbTqFhoJSP^w=]
hNpOXOtnYZ=qWmjsevTMGH<tTfcJGwAYF>paBnWXSFDkZxg]YoIaMMy=IPJd[XC_MCo\DH
A_MvUpE@_q@Rrc?Aq<m@ffHSNz=>>IhXoVgwNIdG_NBB;iUhABmpD\`qBruWm@hsNt=`U[
LU[PVrhXSXiNI_i>YQKHgGBkb;Gjgnwv[GO[KtD]FWPWKVyTFRCrXBiJHqNL>>HxWHl]Ay
gbCbvPS<Uumy?@lk`PeVZcNc?_cUwUjlu]T;MZrVk^<rJMF[QTOLJnNCDgESHssxoKoP>O
o=xe\xRC[mj^^^FEbLqhEAT=i\\hpUAI[fSFrnkxD<HgBQ`IV[]>c<LSVA`Jb_qF_JySZ^
I^c?qqHmiN_IhrkAYSIFOR<juPkBzQbCUiuaHUETN=apFGUMXNN?;YMpiWxSe;qaULBvdy
=IQsd;@hznB]jsu^rrRRBcWVC]bf[=L<YZ?xLbss?Ia>cb?zH[D<dXONJ=uDREFpe]na=M
H`AEFL\WdCHPzaOEdljXqx<YhhDDgUREOJHcVzgDV<guksGaxaz;>T<_rK]bcAIr<_ufL<
sGqcTWl;DdlZG^J<;AY^w;B;_oUBk;qOT]bIfnLL^DMy`QYVHS`EnA_dOV=ygVr?KOWPpU
o;g\?sO;fAXf[LUvCCjyJ_sRILoS^iyT@yuQTvpIb[F`osuMM[FaN\_]rKI\RGivtV?B^x
PF\bwUS[mOywFmcEXZym_LArjE=i?]RhEielbosLH>@?htrna^]q;hUVocmPBJZ>^xNAz[
_HlO\DieQ;;XP_Wm^L`HFfuh;qgJdmWH;e^wQUw_XyV_KalMIlOkpsYcw?vzdmCUVGoJbJ
IChHK;D>k@unqUH[C?HxwsiKCybpx;;gCTarDrCtKnHL@U]^uBlVEtGJOStS?ATgdvz[@u
GAfPGuoMAJQAaA`Wmipzp@Mis=tCu[efmTSiYwe[uQ\Q=tiaTrPzKwZMrEq_z`AV`nDhQR
^^\^cifGmezLPyqnX>uT<KGNi=Fo\HFYVAl>`dy\ciJ\CT\zwEkI>X\ZvzSydFmfusSC\s
t`xr_ATzR^kMzETS`M;A\Xp`HFBMZUi_W^OSW`ZkOtB^rht?BUKwMSa?d?rY=QpWxgTgnT
Ek;zxRBuyDz=EN^bjP@pnv?`Yxg?zU>QUrh<IqW[`>Y_qbAGBaX^e>rmIg@Oiw=Oxr;R\?
ckiKXK_zQzMR;keZu^>sX<EMD>ne@`Vyay_CCj_@LK]vTTKqe]gewNJWYxu<po;QLGF[>]
lJzyn=iFfjqTKV^M?eFT;wGO\rwpY\koBW^OqDvzckvUAsVPtXOIkJdHRMTslSt;T\OvoH
;MsWws\_LqA`vrsd=zz<t[E[tKobLbmf?UAdL^^MqhYN\`TaZPgMloq;AJCMW@HaWCiKkz
PMXVrl>EGqU@P]gMqPtli>ytd`Iq>FTGJnFihU_LpPEgPLTorOcS<v\gG<<sOm>v]moG_X
U=jTT?rodNLD\U<H<emaRV=MFsKOmNZhKLAndUO<zs`xu>VHYnrSYdhuvSWyJfUtoMchgL
NBK;XoFY^ShyC?\JkAdU;`rJUH_bvN\Rer@I?hQs^Mh;mmVhGznHAZTPZu@P`kjA`MXZY\
mL_LlZEDPpiOgLidCDsiAQFGGa?p@kyU@unAbHtegxcIee;x`zDjMES_]KSc?Yc>DeanWO
XnqDqjVFX_`]Wz[;x>oVtYAOtJAsTqv=xHd`OSYmB?iova]xeIUbwtHvmYENuofi[ZgnxK
@ir\MI?TLcszFLlgjhU`wkQDISzvjR?yNaC?^riO;xOygJ>jpt<@jZmqJ=QpTZCm`Cy]XZ
S_>^TI?KMrrAvH<xtSCSS`cRdgIw@h?siBZQN<vtTE<u`hR@H[SNICepzO<cDaY?G\gvP<
hGusWVSH^HpkVHnKXcTH<gjFWYUHkUZRac\ifk`kUPiifGObcby<LkfnLmWO?=y^k\\=@H
RFd`LjJ`v?iwbwXJ\`pZL]kzjJmdbuubdrhIEaLcOnqaWuEdsKhOSSJ>@QmYSlVQiSG?dl
rzVz;wwNJdc[>DwCcGOVSJUwAIbXLzhuiHbWs<llXdxOM^`cUkAec\PY@?Ov@FGp?vy;yE
cz?DhJNJY]LFC;XGyyRC^Uk\o[gHaGO
