33[OCoA^oowOdfArE^
sqDqQcyDP@ncmJlBmBUSnR=qJ[_>@NXtS=Mnus\EfjjbxsC]lW^sCm?flJ=TKbxgr]^]Dm
yEl=<cZ``=WfBrG?m?V?GiARcb[HxzuofoAk^SACqV<HKtBKRt_HocyxO\WXwKg^ZlpyIq
`rzYxOCJCknZ>x<sF\oAcnJWugfUWH[gA^MQhWfzYMzVGYeeSKs_H;BRcTZhhkMrVdnGbA
aszrpEseoL^;\KE_JZxPUmIQ<ag^^BigGW>pRub;`wU@NzeN=x^[x`VKuqlU>=Bk>TEobR
i_M^Iq?LWJlhTGjz\kHFjeJDrN@mMmivPvbbylw=Ln>pa]Sm]naaFJTlUMyLzKk@TL=mtj
lCV>CVFxc\QnSA_x>EGaQCz`nxdPVoWIDWPMeCDnjadlL=TDpvnu_gRtQ[eTp;Tn;zOksU
uk_uKn?qPBt<salh<QdpD;hPmh^NkcyAvb<JC\qGCKlQN_JlScMLq>Lbr<YGA>[f=DwEFT
aubwQKVYLnbt`=H=A\zngLqe];v[NuGuk_D=<Rpl`OARrSJP>\_n^;HHaX;o>u>fblEJeF
CGTyukIv^Anj^BlLa[O_zYLLsoUWE>mf?zdAgOsacsQjze`<hWhHJs>A]lleGNvm<_Cp_d
=Lf<ycxFqx_vY^gkHLf_jLUbFceSX]Jc]hNloy@fVo\zCgoF^jml[RxVJpzy=\yZJrs;Ni
E=mkGeyme[;Vd=Eic]oimvA@bj@>`CDmuswt_@DfpU\Or^CcGUHfGte^\H@GWcvVfIz;Tw
ab[tDgqAAV^]NOba`Ze>KcK_[NspZtlx?oTJxdoya_C_yCQN<h^hlhf\>gzOiw@zC?o@Ba
n@YwU;j;pSyqKzmHCf?N<_vx]PfFCPpIfsqEzEbW=HGtUw^mrlPj?Pvxf]TpIKT?@RGDXg
jaalqQjZTsy@zuMCBWO;msbSDC\CMV\<kn[?ivZofzOZWWtPw\Bpfnr?ywJOH;uTvg@JdQ
ZXpQaTX\F@UV<DgTz<qIRaQKWu;iUtcVcmrgom?mYRBENBL<kIoJnLVOzWT;xl]xQPoInI
cCFxF<^[FjrXWJldWs[ey_VdzffEq\FmqalXOafByFarWROakNxAKdtR;yg<aTveH@lNlm
ro>=oqXyMb;]W>KuioQu<zrHg`ZnlgTld^`OXfnopDdM]ebR_zbIrXU?DqpVVf^TqOaizr
oJxRWPysZ=XtIZ;cdRDmFby`IAdFu`XOuqUpZ@YWaNedUoj>z>SRf[easPXJCSYG=bOLgh
OWjOoRGNz]vxQ<zuqgdr@hiOHyIV`xJVyjNfpNWjFI>csOWJWCcu@pvNTZ_Jwgefm=Eixh
n]Oaxy`Sh>T?]BSupTOoJluSM=nPRZKWjv<UP=vqlfjRcQFNNFpUWfqYlf>XQi@U_\Slww
EyWg@KJiWy^xS<WGuz@ve=NQB_SdC=aWQ]qO>mKjcu^>veaOAZXGP;TnpY_d<wDwSuTgTn
C_MFDK<jOwEB\doCPP>dSuS[^ov;plrXRPsSZ_LU>Hj`DeuyVHtoqgA>mu\OIpPj>OIIWo
qEQ=HD][Zv<;LENN@jVqXru^fWofRWplZnm?nbJ\ZE>rVzv[y<AysLawrDsSHQh;yz[M@U
>huhyRvbgMhfYajiKevLyoyPxQe]kERXEloSrhbxs=ZMqILVH;y=X\FoLLZmn]pN;UOmOd
gzaM<iVv_F=ZDZHxdMdeVlYdyYqZbTZfchkF]JgrZQgReYeM]Pu\=pgO;DM@xXDQJJ?rTo
\rJOuvNdqUN^grTfVzA;H`c=^Fdj?nXovepFkpu[PNicVwGlGkepRS][_sKTCyGryY?Q_C
SNLKrPSrdv`Atvfga@bKoZTNbwM\@[^oDeqxDYbg_LKdpG_MojgMTTq`MN]<omFnqzpNKt
<uOHv_p`EOjqpKpZLbR]YV=wKqy\^AJ_LUnZSA?bua<Wd`OKL>]]vtNkUOilVytxtr[EXi
[Q`HN_MURHKh?\k\;a^_MAOKUdGsYb>PvVmasV<<HWwxm;tSPSvQxfpwHKOdOZDpw?Sp<B
au_Csm@oQjMa@S`x[K`zg^hnkaw<b>CZVWMXUnuBFlfLuC>KYeB<_TsqyaFbyFbksUCIIO
LqZ\E=^bQdXYgj=cbKyGejO`;uyIELhwkMZKE=\vZ>G==zXekVWLLplxpmJoiZKPZ<VLw<
bX`H=sEi=^mBFbdvnVj;mR;RUDfZ@_?MwtkcrOTum<dR<ALaGtU;Li[VatAMRNufwCKfBP
SC;XR>UvvY<f`>x^<J=T>]G^gbQ<P\oIAzpc_RhxIkfZ?Hb;fZLGx>?=u`iQQC]XoGHCVl
^D^IswjRaErsdEjx]_pduqhMVMAZtsF`y[edCI>HqyRFPKvjJidSAor`F`rfY@aUEs@\Mx
YIo=IJMC`cRlmZK^rw?KNcNt>GO?pM[AU>`AmyNzRKDvZFltlAtEwM`;YEHS^KgB]WJNjP
;MXZuYqmpwIUOz[dOfQrgnjiELUhX>@RlMc^;QI^tj_G=?zkOdgFfG<LXUVF]\bApbHwtl
o]hIvhnQzlJrCMCQX@@olP\gwPJOA\>Wc@eiNZ<E@Eplpd>v;vcJtc`U;cpLhV?uZxa\PT
DBqjs?]A_cRBEZsB;XxD=j]B]m<>h`Iy^\CLvp\joN@_<xJgJh`Q_ANQCXeCZrkfv^^M=]
e;<G[ipAZLSy\VWHzIepfTjG?HCn`KuYrCX^n`_mNm<_=d^ORDsgDd_vKA]z@ezVbeYwvj
[YPGowA<lNcNGkvKU\Ii@ZG>e[xYXGfOHlQI=F;cqxjI;=hDzwkINjr`^q;MScE<aVCYWQ
TcNxyjpK<lTrg`LwRT?UVxMnMCsh`NT`GkzNn[mZfhxgv`biMl[@XvK[lW^XctpEck`sKY
qLM=RLWp]x\<UhSKxVcryNLNIyKY^ctvQjOXbYKjnsMZEf?S@^ormf_MbCwqFMSwxw\dZP
x\ktAdxUv=VorUvYc\a[rn^?tt\HXzCkHHKOmxnDwlPMncIdEvS[\UaGH]tBZi=[KvQX[<
\efXGpVBfXuLfyhi>gdq]<SWHBl?nTiUjfHLNlOAj?eClc]uWqAGuf^xV^kSWCFru]Ihkx
TpbUoO<LvHAx<GaUStZRzRPszALDx^^>TDoGneR^DrHhUpHPxQ?@ZDCO<VtoGw_xpVFGA^
LsiJj@rRWaKyEfMcFT\JfpNNZ@?cQrnpM`;Jyk\S>];<>wW]J<ywNRGRC=LKMN;E[Wko<F
>loinMSMduIOj\lVqFNMTTKAuwcds;lfkkdW;B?Yaa_>WCugoBubKfrgkyS@GUWkwQXToV
Ph?KOz?nQuIqxCWNyAqn=]pfEYZsKMJikfuR[HRJ<_JrvaQ>pl`nXmI[evr;AuA<Gc=In^
VHfR\zWVHIvURF@Y`HEj`Da]\xoTTuT\d[uUWODN@jB@iws=ZAc\iFXEWgC`=Q?Pj[ahQl
M]M\\lGtTxnarvu?Uvcwuu=KB?hdUmDb=b;AcgUfjTgFvhqlmrF[nc^FWguVs@OSrnH]FS
>j`NePlsnYwpski;nX[IzUNiUVbOFxmPSOD[ZgAOahN@\btL?LOVtIpp^XK<;DPBgZJuOt
Xscotl?>VCF?Wpu]TmSXpjcL=uRDId_eGaqVkPPa`y>E=QaAjiDhvXJguyOYZ\xlXNl[=^
yTCneclRsjXAcqGvuNMdbY>z_?JHXPsUu`\F\vWNWOuzHnQ^X]oGJyWJkWOe^Z_gtv`\IG
RYOlNkmmFf_wxuqANjgSNMLrUo\fULV]Vkp@cEqS\=h^Y@BmhprTa<QfkxEiv^QM`dCqI?
XWLkE>XGnnZ@@@VEDV?ozZSzLbPcieHFGDUQ=aOrHHT?y_PS=yoV=wPU]ZkrOI]_JyxuIz
jMhtmWWEeHxX`>AbdK]F<<\lYDpJ;OY\k?j]abk?`xWPzPodZ^komeIc;uk_iqOBg`nenM
wB^aArIkdfQohMPEcEBNSrNkAGH_X`wARKsfxd[Roy=d;P[FmMxbBv]dYmLbOUCpiVdZo`
FvVMffLYen;=]HxfLZvXCI@B=X;ELXUR@fp\fcK?lSvWf^VbUpjRRb[Vt_Z?yM?<I;J>nm
hMQq]dZwErUJ^gTDRwZAnlnffs\bdt?GZAX>@pwDNunzfHvp_=Fyt<aYGA_ESBS\;MkXEJ
mFa_GHVJxI=stby_=_CCzQ_HtVhWUrfF`UPXhHOFOALzBjbL_]^kXjDYAbC;I`o=iqSZaG
fyJmogsDe=[uA>JnS@N^Uf;oBISvDvCOhC?wPBn\OovWzUcFPqCuazDZTL`[cMcGqJCDxj
^V^ekNy];UtBZt;OaEohCSQY\JTW;xzhRffdi^SXnqkOCORNPKPfeyVcKeXUabgH<[OvQQ
@\\kTUBW^V=ZIQcS^MSzwWa=y^SbuHZ[_RimFynOVyjr>zL;vHY?_P=gjyslBNobov<^GA
qO[^fzJVFCq\F\s[JK<XZV@=n[V\BvUWLmM^c>ZWh;GeJPIsr^qPKVcnG\;GjB`LSLRItW
n??uRSVelzrORincx?flnQiBLPkHTatw=mlmpG@qYu\Ck_Kq]S`n]hvSq=QDA[^UOCBwh;
aSDKT`KcTyfofz>nm>=KToKdT;CiJD\xWmRKU<FYZf;]YIkUmON[XugXZIIl`Bz?cz>Fk?
uZUlVkQ>_j\UzoS<PJYhg\UtOdQOvoxCrq_NGkwK[i@[hNrlDA_cvLmnNLcJ]`rd_`wERS
JGeCF=XBSidW<vDtACoTJGjvAx>Z@nM\<;f?]Vv;jeVZeSqp=zlKXJeQDrxiavDeSnJTZe
Il^Aemsdu`AseUcsOwe]U[cXiqFbA]SNqREMDao=hL[gf[aMBcHNKO>C^[;YWEuWSMYVct
qkTBIU@_sn<DMHuhL?fotpKiWQV;FRBu<G>IlJhRe?xl^RvGSVJXR@ESe@q@gYKMTIx?DR
vUFgROno;T`aqCWtGqTAq=rbwWP\Hdhi?MJTZtEFpWKxh\cApXZZiNdd@nTZ[QE?>GnBlY
bZ`b=FJ<R[aFZhQh?>pB<zehFgW\UfE=PQTMX=jhZyulIVHR[Ci]d;g;DAw\<uAelGJeFx
LmtFg\XYfEleyhKTw<JLb\>khIjT\zPbt^oO<ZWuUiHsDowFaWuGCDJasvhE^[JUbv<Zc^
;pIxIKCc?pXk^XBGRgI_CkpKQKcDq]=VIG\T^]@c_NR[Fgn?eH^I=meyrF\J`hGWUBeU=^
FsesaqZVhDG?svfWtRlJmxyR=SxZtagD><zoQB\KOdFzJSVmuRBWhrS\gEUKFgZUix@c`k
la\iETVf_[=tdxdMxseGWBvrtxeNkJYe[vwx<mAePLfnAg^uIdXnHrs;IOzsuS;pepxLfN
MMmm]LPModq@DtEt]czcmm@wibSoB=XSujhf[m=;_[X=BW^OZzkjUbaihutxchMkvYvrFc
b`quHw[WDL@mR@@_tohj?bAAgNoRhCEhH]@YDGwV?[ZjyQTQYlxoOPI[hfNizJA>nSAPDN
Y]p;Ww`YcL^h^q^h^kPeGxyF>ddoAXeUIwDK^]=GXfDQhe=gSSyH<i@lkV<<KQLVzvktab
Z[[WgPrjTPoZUTFAK]\[EC]acoz<]di]ebVVWTOEzbT[QUVKr?_ErBbGIy>slLBoF@d]Xl
X`SMbMW?v>s\rw]gTx;Z;thjMe\YnxvvScJ`bZUQ^ZRAU`?qKVV]yb=bFaUms@mxJjZRAQ
ih\ZZVesqq;UmUcnf_r@w<><uR_N]Lj?YUr`QdgFJuSqsAe=cWSTqSfduROISEo^[Jfmpf
`mq?^>ZYlLgYZr?ONao`nDe?eFsfgNCIUXcLr[c_MkEnJv\qZPUVIeiK^Val`tqiRvfmaS
rm<KkP^@xVL\]?fE<LzntJb^aQRnax`x]bzC;qmlnNsQkfbfq@^wZG[?z[VxslNsEz]qjz
dRpbhIJb]lAKxQvqPZ^zOQa?JMKXoZ[lxytFhgqQUE<XtbX\K<Gw<;mj@tzHEID;J@yrao
vfkzhWCMRSEttJWH_^e`vxZ]oKeApSN^yohrxla;QEgIimbA?dTJ\xGq>WubIxcBt]`^?e
L]my[yEi_xddjD`@dXeZPV@VRN>DFwdZbdPUGSFMdtt<>nhruVGu>`dKoyN_zfeQBfbAoL
n>VVPxwcJdoxEeHefdVdq@HDnhKhOBUTk_<lKi\kDJH^AcYtg>@c@MKbRLmgiMEanehu<p
`sFbJqhVodb@z?lOyHkN@>JqVcgLHJET?QH=JfiPHdZMWbcptOohNujThsCmMoWbl=FIAy
F?sdVM\hGTlOIBGO;TQc>DSmlIrDJoyONN?TK?^gjRoXygKZF@ZT;GezDYY\hX^aUgqAJQ
faifDscFD]YCfDOslE`wQdfna]ohFNmDXGEKzXZj`CtOB@qjdbh?bMe]K@df>MeyQePpfA
KI>e`^=oKJ;pF;heBPYKGLe[Jq;<HVukNPwWXk`u_fW;rv@NA;F;QCiw_lqYm[lD@xu@<r
eKF=;gFgBd?n=bxgz>kjTkXcbrcbuXxrV]RPOWspGVv\zQbnKe[PdLW=u\YK_TXnwNYsUd
n>KCBkUr@EVBiCgAEBTbO`ADtQIwmG[kTU_VclTWmxwg`iibxdgbmfBMJAXpbAqFg>\DEE
[\`xjINIs>s=rjDtw_k@\[]PO]`z[F][ER_NjjphOHiQ<YYJfT\W;ok\qr^zn;yiOmliIv
CaveMhMxuySjUDvFcHe@y;a>d]Em=BwVV?_p?tn^G;cFRjjk;@A=DroupRbDtNGKKdoxQk
XNTnp]<ohPXdlftCSTVvMET;;R\_aW_
