33tKdws]qHUxcgr]N>
wy<RXIG\vWu^MHb@tfRLEFlNJRXdnAvAOAGOJZOErfcBOWhVl>QOdY@gD^KgHZw?`lrV\e
xCQ;IAo@wwBAvMHWicdJUp@MjIRHQWH_Z>x_UCc_hzC;mp<NEUHYKjUHiyQpm<[SSoM\lB
aWDL[W@`IRcd\<ijgLqVxoY^aeuV]LZXKxcD=WE_fw]BMI]N<xYkdZn\E_eZWbn=r[u_YI
W>?zbdOJHEQ^Otcbo?^m\Ap@[YSCX?iy_CJZxEV>nmw@hwX>YoW`hU^Awkj^MLr[Dx?Xtd
]Wy?TrwQu=rKd;i>_o=qF]tqKdodB\Bsa<t_bG`\oEfSDMvgqKMxJxoF=QZsZDLrdGRjmW
;nYQbRt]xEZJhtngPwqi=H;CGlNFgrW>UX[[[O\XIAZYwO>h]prEFmFmxbF<lKU\oRsF]b
rSEroeCRX>RQshpa_XdLzUDNrU<=DJL\sgC>xn<oon\bHRVfSRa^Ay=VIQenTrCbALp;Gb
skWB]RjZXnbkKigIoaM;GGP^cTXbWAjKDUjHmsuiYzUiGjNB<OBCqeEARndOZsFHdOXRUd
k;BYuT@yriOIc>h[gbz>JEDBcduKyvTYqd?h?WvgTy?s=CecM]Ig^C=?EUXhcm<sNG?McA
<@z`<tpnTCpaqLlgCVtEVOHuTGr^w<DDyuOa?zSAuZQqhHqyhg;OXM_RUTkw]E=xiT?rf`
Nz=aRegJa`PakdNJ`gQEOSojXWZt=>ru`fTBzhmvbivCWhKOQ_DmWGkLV@rD?bg=ypvEVZ
[dMEggWsEaNijl`=VqlvfE>rok_GToNmX[rICxGSXYeUKhKPXGbaBPysVil`RE<jLBRnAe
GFAK<zfr\x]?uJekq`McKRiJuLIcEqib;BegHqnn=sTBT`DLmhiu@xEArbYBTrZwKpIaUY
hBY>QCFXE@ulcY_tEgTOYx>wDNbjZUBTNpCfl]>FdrYCWWRi@q=kAoUJMOPCedDFQ<oKB_
nhoHixHTW><btaNH_SnPj=]Ia[PrvDQiTzmH\hXU=_wldqB@XhubGR[Ft?djTy^Te`oJlg
Scl=aw[mDvM[cCeNwhnfWRkiq\HafWVzcn[L^xM><\@gMw>rrVQDft@dUT;Ip^=;zQzBFD
Q_ZSig]O\qm\uTE>;O[GnD@?F<nMH]fva^OCq=p_dSOHesYgifVaEh\mZ<v<[[?F\`Pdwn
wXCWgiAD=e;s^lYiB>IQQl<bdtE\XJMayYhk_I;l?>GZOzue?ZdG]<LW^vC]dczfM;hTl_
<sBedOIy[Xxu@[b;xiiW`CwyxkbnYKdT>m\KP\pY>fdwxaf?gfYVm`V`uFzCY;CwReXnl^
ktHVNNj_XSRbjP[]K<TphaGFFKzUSV^fG]STVQwNHeGu\bAtdSjFXLF@RjNuali[TArlnI
E^kGG\yW;TSFdHEu?qmfyCG=AtdahT_x>qZjgUAbGEN<^\Bu^TAszb`YT`odMAC?P\RTPe
imHXNwkKtHR\^hfw;ywav_nNKHmksTATyke\qTp`tLOlwBbmYkcJs>KzyNJ\CkKmmIipZ`
MNoPN]belpqjTfL`yJDSCajQR@vTBFoQJih@Iz[oQsngmShj@`yHtavtPbxgDGxiLJUlbd
?EvlmGpAtN]KwI?uVlSjLpfmDVimzL;qSTRTBgHu?n_YP<hMAr=u=>BIeqltyb=g=dojrb
BJ^OK<m<?KONAaM_W<q;rCd<segSOoywMmgbZLHHME<ojRosH@BlNd^gnwa[CjCI?^xqxc
Q>DeHDuRMC\_uHGDaFAe^Itcu`Rtp=EALF[J]_tkBd>xlxWr[`dGTX>JCGaXr_UGPiKF?q
Lm^M<@MMmdMLTi_IKOYKnGgXr=Hcs@<;VKGMj<COjsMtOL=WeiUo]R;iWOs[uQEJ?BTm?I
;Ge\CrZCpMArgOW?]RuIekuJoTJHRoUWf@i@mh=VaojG;wjgA<paFW_jSgk?bHMH[_sc]L
CDZd?JgsFx`\`lP@`jnGkJWudStqwnxc<;IqTBYy`UTSseS>it`niRzfGEN^Zovg=`BVQx
v\Qn>KGksDreozUchX_\n^Wvga]L;QpySTVQCOsBgprPCXuLp?zlRQ]wjkxJOrAYZGozhm
[oYOj<jJcbWHM]L;MMvkn\>`hliXB;<rc^J`YcSVJ<VPLIGe^VtaCvjx[MUOWxMBT^NRGs
U^nuYZT`uf;L`\??ZZgZaN[LOMVBhE]oh_do@tcfKpBZMTmUx\jsJo`czY@@;zIMhhTL`;
\qdddh@i;htRX@=dY@Jl_spC=xWz<uAJFn^XJBSkd\a]yj]]`v?@SzmFOkygMV_dL[ZgLZ
qvYIuYg_?asq]MqYhTX_xwN^kM=L>Zzc>?w\nKrqoXpllEAunZvv`RVAIlKitMUwnJ`vd;
>vkI_;wB@Z=eljBdsWqHNljNUSK]wj`lAGfqf@Ot]wiG?jTmJ=Qc?eRUcXrQCafvgeemtx
G\=_ZMzYmZLQHi@wb<]JUNQxc\qKb?YmwXyHJIimj`cXHzq;SaWSxfp>dMpEMHJC;?]MIe
_QNVNZ@oZZdYW>vity=\l<h=BNSginzhrb<S]cG_fUVYV>;Cv`d>A\iTXxB`QLVZ;t=HVa
OFCaOFdgJCQ`uv^X;GR>Rk?ofHYL?yRJ<;F@zlCrvzdYnCGF[AtRkcncK_mfQM>Vf@cRCC
h;jOU`rpR?<=fxC[OUx]^njZ]?zPWe=nadDOJ=GukbEQuKI@FXtaTHbwCFXz@\>cfrtcol
ZPRQPlsWVlKF;a_KuKZoUbao`>oM@@u^xHZpkQT>E^LT\OO@E>_BzZbJ``Ab_woWUFkkYE
pux^ge;j;eWVcJAKLk@wVCdIvPHT>nPXEGrxR\nC[NrjMW\mNfG<\clfdtJcem;qtOziv>
aLr@FJT>pm<b>gU=MgzC\Kc\wGA@]ymwTZ<waeGVTcM[ruylqt=w`?NvXUV_j[Jvz;b?WR
g[Ty[`wmqqUdrq]=Rxcc?Eu\ON[jM]gMJMrdeTah]rjdHq]RQEsSm_WPwuPskEhtXpbFNo
K[MxvGlgQWxAVyupjblFKNMC=Momli>=RUIoSyTwJ;TXPWPLPROAOpKUjeAkL`>\YtJhmt
xY_t_WsM;=ktuGru=mXQS_sM=?EOAXFLRzL[hPPaV_d?fa`@Arul^\etrO`IMWs?c;oJRX
aogfgv^xY]z=P[oyZ_kGxDGd^jooJgukyAvsCJn\pEM^`=iR@Xkv_<y^El=_Fv=D^HqFLK
[@LddW=>@fVho_HQ@kwI[HmOhgKkhgZ_[ziGm]cv=;PAXZujoS\XVYmQIYOMoYjT;eu?Z\
tL?WW@nS[RMCliDwZEIdkRArzH@AvlarufvGHI<h`DtkTk\;kTcVV>yZOwXoAp;rNohZsR
qLiVsdWwZqycfA;tYoQSOX`kG@L?od[`_HaMKcI?>YEtu;xsEckn`EyGfy`[w>;q>wTgSe
scmHQuH]_PGzNs<fx]>j`>BB=\hHU\UKtqKFD;jFvuKOmQgnH]YtcNERBb\>zEQ\<rHOiS
;WyibN@XYsdiFrg;JP_K=q\Ow^qPrtLTNWTnAzCE@p[YUkL=ne\ySLZvp@Lk^ygxJNlEAf
vtzEpg==x\E]VeGOU=TR[EbWK\jLUU_>]W]t;]w;tsmF\zhLt<rI??<ZSi_?;X\>@=rcgQ
BllLgws;kl`nM>mTkA@Bkd<N\wjcs_tW`jQB]evBDJFY\noXrCtrfojLhOk=SUtsUCwlRM
klPUYeGybOZFVG[?lZK_xctXPrmzYDYpXDNPPMoexcohqmjv[o=UHVp`C^uESV>pPy?uBX
DZuH@ys;E;GpLqWBSH[v>NeY\uZOKIOIoetZa=pBuWRWRkCM>m=r_utSfmt^=qYrHxaAkl
_NUWRmNJuhDT`]rJJTaEnKd@eDAF_zysZdSOQC_lQwmcOiTUTTfsLIs\=[ujajjs_ytSNc
jbbLXFJTHPaxcnG;?@npA_soc?SWO>;UyR;DSGcuSigjYsJKE]lVNgRDl@<eOn?gxvmRc_
CG?C@S]@wJdukzzfKVQRE_tCsaxZrPaBEOxUG<YYao]`fDWfI;`G=wPegAn`ESYLWYuG=[
JHRbXH[>KscpP?v^l=]ct>eEJz>BhzHrAWDQaoKvr>GfVZgQcyKjD<X\kQqEk^OrEvjjdf
<RY\uco^lGcK[iByd]cw;Q][dAmZgIwVx;BFdc;mcvOILbqeVQNv;y^Lr\hzSaOzMyeX]d
_\OIdLQqzE=R<>f^w]ozWp[qg`MVkU=\@sWSgsOIktmtsbBvorvQpb_O^mNSr`uiLNfeY?
?hT?>>kXjqUbC^;mt\wXi[OBLNs>JlNvUQiGMcO<Nz;uVsw]ByxL]^EhYIhGwDnbnpEAxP
@KrZwlUns<fGPHk=QdKWcbDhTqBkCTE<tjmZbxHOWZoMI`Yc`icV`zk^nU;meEyuQ_ju[?
\J[kBAw\OEtrwG_qKfADxDP_cLtThXC\bZMhxLRVBEEZoTdZgicxl`lhqjQy[eA^P]ML]l
t?\S<cIAw?faAn<tFzW\DaK;=F=JRVqY<yvhXOw>C[S^ZhC^OCMMmBRmgLgCeLhLn;jlKN
>Nx^\\@mOg\doevX?lOyowctlqoRUR<fwwKnUc[EcrgS^N@@z;LKYl=ZXoK\yLejoSUBUW
h@v]KX<e^?t^xvOVyO=PqM]XtOIukGVntnpVIQqWx[\KPB=BPg_htmIhLnxAu^wFdfr^GP
KmM^PJvBTKpXVCjvm\cdh;tz[\NbLMNyWxKyD^QLi@Z`pCNyZYCRurOdiz??gcigKRw\`M
j@TMC]KT?WeXk;PbsYfwxC]Q^iSqjN^RjY^pKpZ<kndMSXfBIkVoiRzJLs?pJM=@fXqPhz
sTYNeSj[BpmxnAqRcY=`jlrKn=\RQtTIOZyStStNqRfeAoBQvbllZ^C;TJnwIjLFY[X=Ir
LyP[yplG^WYhCppFZT>xwPA;bFL^LOMHbY^gJUc<mtkIeD<iw[IX=jtpMEliDL<mKWVviV
eMQ>^zHkVqQ\y;[O[<KdGu=YKd;[NgWbe>st;uGFNoTGlgvx>^yupeA_mZHsPNMkkdubq`
J^;E^tR;?>LqsnWH>OGUHTXBB``keoI`HOlVwuy_B_BvZIK^KHPi`SViICljqiUnyYuV=A
Ec]mW^;GkB]WPkdhQh^tmZMPpaP`<O_F[OJ`pwIzKeDVrfeRgc_GgUCFRQkl^pHT;SPhwp
[x?mdz>pZASx>xYOJ@]t]SxiBSCP>RBmuDIyQvidiZJKZ]XUfqaKh\ihz=kwAO;AdIwsHq
_XYdC[ElymAevNfR;CkrN`OIhtOGutzwqTZiGmBHDvExfRdXAuY?NHSOF_nb[X[IAsA=ob
XywAXuvjbZxMFvApSZKAVNWwvWGWwV`YwuL\e<JPLBEUhxYYLEZnWGxotU?RMdl?YAQeHp
tgqcBgWK]<MUKt>`MCbRxFslAlfeoXDvdx>qkTQPj\EfbANMXaGfJdhD<wtUhquBeZx[WY
r`lCvoBilixjI@nUpl=BPgudyRr>IkimyiTUt^]F;pKzC<GJH\y;w=iGS[[ISdoOkDty<S
YjEGHFgjzYKuAAdgzHLjg?Cd@>lfAmQFdvZNzfihLF?zW[bRkg^ltsH_jm[U`r>PwRtVdl
=bW@\QF]V^aVZc`HgeUw`c<W\SqkmphmRiGt=o]ZxLhP?k<YdeGVW@MdRdQREguTdBcieL
LAYLFgPY_NJOLe_;GA=tkAxt@AK^]=iGFL<Hkpx`rYT?IqdEGxV;Oh<J=IaK>UcoQs\jmA
JS>xrPmDUF`^vNE\=vshe=gwBUfM@X?p\Xht]cYBLefCKYTf`oSVAUu\>Jo]F=kdumnlmY
bSBGb<QCTN`OCH<Rezb@Xq_z?HnF>K?he>MSGq;?[ZzHDEiiqWBQequlH`QE^cZ;MhS;Q\
JZY^U[jnuE_uKytjK[?SKH=]tI>kHvuHFPjOWH`S\=;UIhotqF[xtoUcW_kwPhsRlsO=JR
]l=hGeK[BtNBf[BfmUD_?AOAFWrRQBvapZcLO?s@UHfX>vI>p?w`\cshAQDdyp?g=nFEuc
o=AsTHZTQwACg`UhOSKAOGDxqYd^JW^KVEHwTVrSKMiD@pPDGcJrNUTUlNGjtEXe^\CiYU
SX\dZTLKP=;cDX=_z[qlJgpvp`HtE<VE`S\fi<TsQYHl_=xAJiHRTrMHpCVaNz;l?EQ;PZ
=kEJSPkET;N`UPTk>QU`CpokVbyDummleHo>xNmR_KmKHbFsq`t=GNcrXNXQjUo`M?_Bh>
\XTd@WviG[\zc;=MW]JcqnLS]mncKitnNIvWZwDwMeiRuHJNk>CFILV;Hofm[^`RiFPMv[
LeL`ID`eB@^lAWcRtuguxKslE`eYnfNDU_xwCGwDIkgKydpnU;=IJ^`Mkw<mIEEhtaaDXY
Lkq>NXyb>QXAoqZgEg=lIyOzu_LDxafELqgWuk>JbKPSps@l\idKT]XunbTJcWEgqvv@Ln
UhyPN^W;jlwKE]@GeXfypfQqb__G?`olNHFqtCsjQBv`\wCWg_RPhANIfQdBEqi`t[>^TX
sXtVRZqk>SrB<e@JxnXIV_HwP`znU@JlRQMEmK\sMYQC^RN[jvI^n?cIG=Dmrpsu<ooIT<
vpKLU<dNvOk]HLPIRzSyPNdRxba@?yeJ`rKd_P@ugVH]uxVMR>g=Q;G?[_wK=gyBMsIAvp
^kmbwnasljDf[JeUuH>TrlmB`OZb_;@hPXnm;soLz[bXXGV?FKZTeZBtaEfrbaWeJv?srn
R=HjE[u^tSpzITYejQjl;jiooof=rk?
